2025-10-15 17:08:52.994 23937-23937 .example.cplink         com.example.cplink                   W  ClassLoaderContext classpath size mismatch. expected=0, found=2 (PCL[] | PCL[/data/data/com.example.cplink/code_cache/.overlay/base.apk/classes5.dex*134412786:/data/data/com.example.cplink/code_cache/.overlay/base.apk/classes4.dex*587945179])
2025-10-15 17:08:52.996 23937-23937 nativeloader            com.example.cplink                   D  Configuring clns-7 for other apk /data/app/~~sbEOfrD5LNLi_0hsdS2rGw==/com.example.cplink-WbtI03lXjslIcEXR1lbrYg==/base.apk. target_sdk_version=35, uses_libraries=, library_path=/data/app/~~sbEOfrD5LNLi_0hsdS2rGw==/com.example.cplink-WbtI03lXjslIcEXR1lbrYg==/lib/arm64:/data/app/~~sbEOfrD5LNLi_0hsdS2rGw==/com.example.cplink-WbtI03lXjslIcEXR1lbrYg==/base.apk!/lib/arm64-v8a, permitted_path=/data:/mnt/expand:/data/user/0/com.example.cplink
2025-10-15 17:08:52.997 23937-23937 CompatChangeReporter    com.example.cplink                   D  Compat change id reported: 202956589; UID 10437; state: ENABLED
2025-10-15 17:08:53.013 23937-23937 GraphicsEnvironment     com.example.cplink                   V  Currently set values for:
2025-10-15 17:08:53.013 23937-23937 GraphicsEnvironment     com.example.cplink                   V    angle_gl_driver_selection_pkgs=[com.android.angle, com.linecorp.b612.android, com.campmobile.snow, com.google.android.apps.tachyon]
2025-10-15 17:08:53.013 23937-23937 GraphicsEnvironment     com.example.cplink                   V    angle_gl_driver_selection_values=[angle, native, native, native]
2025-10-15 17:08:53.013 23937-23937 GraphicsEnvironment     com.example.cplink                   V  com.example.cplink is not listed in per-application setting
2025-10-15 17:08:53.013 23937-23937 GraphicsEnvironment     com.example.cplink                   V  Updatable production driver is not supported on the device.
2025-10-15 17:08:53.029 23937-23937 CompatChangeReporter    com.example.cplink                   D  Compat change id reported: 279646685; UID 10437; state: ENABLED
2025-10-15 17:08:53.050 23937-26476 AdrenoGLES-0            com.example.cplink                   I  QUALCOMM build                   : 7867919300, Ibc171b9c87
                                                                                                    Build Date                       : 04/25/25
                                                                                                    OpenGL ES Shader Compiler Version: E031.41.03.62
                                                                                                    Local Branch                     : 
                                                                                                    Remote Branch                    : refs/tags/AU_LINUX_ANDROID_LA.VENDOR.13.2.0.11.00.00.856.062
                                                                                                    Remote Branch                    : NONE
                                                                                                    Reconstruct Branch               : NOTHING
2025-10-15 17:08:53.050 23937-26476 AdrenoGLES-0            com.example.cplink                   I  Build Config                     : S P 14.1.4 AArch64
2025-10-15 17:08:53.050 23937-26476 AdrenoGLES-0            com.example.cplink                   I  Driver Path                      : /vendor/lib64/egl/libGLESv2_adreno.so
2025-10-15 17:08:53.050 23937-26476 AdrenoGLES-0            com.example.cplink                   I  Driver Version                   : 0676.72
2025-10-15 17:08:53.057 23937-26476 AdrenoGLES-0            com.example.cplink                   I  PFP: 0x01200161, ME: 0x00000000
2025-10-15 17:08:53.064 23937-26476 AdrenoUtils             com.example.cplink                   I  <ReadGpuID:407>: Reading chip ID through GSL
2025-10-15 17:08:53.111 23937-23937 CompatChangeReporter    com.example.cplink                   D  Compat change id reported: 309578419; UID 10437; state: ENABLED
2025-10-15 17:08:53.127 23937-23937 MainActivity            com.example.cplink                   I  ğŸ”† å·²è®¾ç½®å±å¹•å¸¸äº®
2025-10-15 17:08:53.129 23937-23937 MainActivity            com.example.cplink                   I  ğŸ”‹ å·²å¿½ç•¥ç”µæ± ä¼˜åŒ–
2025-10-15 17:08:53.129 23937-23937 MainActivity            com.example.cplink                   I  ğŸ”³ å·²æœ‰æ‚¬æµ®çª—æƒé™
2025-10-15 17:08:53.130 23937-23937 MainActivity            com.example.cplink                   I  ğŸš€ MainActivityæ­£åœ¨å¯åŠ¨...
2025-10-15 17:08:53.130 23937-23937 MainActivity            com.example.cplink                   I  ğŸ” æ—©æœŸåˆå§‹åŒ–æƒé™ç®¡ç†å™¨...
2025-10-15 17:08:53.132 23937-23937 PermissionManager       com.example.cplink                   I  ğŸ” åˆå§‹åŒ–æƒé™ç®¡ç†å™¨...
2025-10-15 17:08:53.133 23937-23937 PermissionManager       com.example.cplink                   I  âœ… æƒé™ç®¡ç†å™¨åˆå§‹åŒ–å®Œæˆ
2025-10-15 17:08:53.133 23937-23937 MainActivity            com.example.cplink                   I  âœ… æƒé™ç®¡ç†å™¨æ—©æœŸåˆå§‹åŒ–æˆåŠŸ
2025-10-15 17:08:53.143 23937-23937 MainActivity            com.example.cplink                   I  ğŸ“Š å†…å­˜ç›‘æ§å·²å¯åŠ¨ï¼ˆä¼˜åŒ–ç‰ˆï¼š60ç§’é—´éš”ï¼‰
2025-10-15 17:08:53.145 23937-23937 MainActivity            com.example.cplink                   I  âœ… æ§åˆ¶æŒ‡ä»¤å¹¿æ’­æ¥æ”¶å™¨å·²æ³¨å†Œï¼ˆåŒ…å«æ¨¡å¼åˆ‡æ¢ï¼‰
2025-10-15 17:08:53.145 23937-23937 MainActivity            com.example.cplink                   I  âœ… MainActivityå¯åŠ¨å®Œæˆ
2025-10-15 17:08:53.156 23937-23937 MainActivity            com.example.cplink                   I  â–¶ï¸ Activityæ¢å¤ï¼Œéšè—æ‚¬æµ®çª—
2025-10-15 17:08:53.162 23937-23937 CompatChangeReporter    com.example.cplink                   D  Compat change id reported: 352594277; UID 10437; state: ENABLED
2025-10-15 17:08:53.172 23937-23937 libc                    com.example.cplink                   W  Access denied finding property "persist.vivo.ltw.enabled"
2025-10-15 17:08:53.171 23937-23937 .example.cplink         com.example.cplink                   W  type=1400 audit(0.0:680681): avc:  denied  { read } for  name="u:object_r:microsoft_ltw_prop:s0" dev="tmpfs" ino=342 scontext=u:r:untrusted_app:s0:c181,c257,c512,c768 tcontext=u:object_r:microsoft_ltw_prop:s0 tclass=file permissive=0 app=com.example.cplink
2025-10-15 17:08:53.604 23937-23937 ViewRootImpl            com.example.cplink                   D  AppSizeAfterRelayout, size: Point(1080, 2400), rotation: ROTATION_0
2025-10-15 17:08:53.609 23937-23937 libc                    com.example.cplink                   W  Access denied finding property "vendor.display.enable_optimal_refresh_rate"
2025-10-15 17:08:53.698 23937-23937 Choreographer           com.example.cplink                   I  Skipped 58 frames!  The application may be doing too much work on its main thread.
2025-10-15 17:08:53.835 23937-23937 MainActivity            com.example.cplink                   I  ğŸ” è‡ªæ£€æŸ¥: ä½ç½®ä¼ æ„Ÿå™¨ç®¡ç†å™¨ - æ­£åœ¨åˆå§‹åŒ–...
2025-10-15 17:08:53.835 23937-23937 MainActivity            com.example.cplink                   I  ğŸ§­ åˆå§‹åŒ–ä½ç½®å’Œä¼ æ„Ÿå™¨ç®¡ç†å™¨...
2025-10-15 17:08:53.835 23937-23937 LocationSensorManager   com.example.cplink                   I  ğŸ§­ åˆå§‹åŒ–ä¼ æ„Ÿå™¨ç³»ç»Ÿ...
2025-10-15 17:08:53.851 23937-23937 LocationSensorManager   com.example.cplink                   I  âœ… ä¼ æ„Ÿå™¨ç³»ç»Ÿåˆå§‹åŒ–å®Œæˆ
2025-10-15 17:08:53.851 23937-23937 MainActivity            com.example.cplink                   I  âœ… ä½ç½®å’Œä¼ æ„Ÿå™¨ç®¡ç†å™¨åˆå§‹åŒ–æˆåŠŸ
2025-10-15 17:08:53.851 23937-23937 MainActivity            com.example.cplink                   I  ğŸ” è‡ªæ£€æŸ¥: ä½ç½®ä¼ æ„Ÿå™¨ç®¡ç†å™¨ - åˆå§‹åŒ–å®Œæˆ
2025-10-15 17:08:53.855 23937-23937 FloatingWindowService   com.example.cplink                   I  â¹ï¸ åœæ­¢é€Ÿåº¦æ•°æ®æ£€æŸ¥
2025-10-15 17:08:53.855 23937-23937 FloatingWindowService   com.example.cplink                   D  ğŸ” æ‚¬æµ®çª—æœªæ˜¾ç¤ºæˆ–å·²éšè—ï¼Œè·³è¿‡éšè—æ“ä½œ
2025-10-15 17:08:53.932 23937-23937 LocationSensorManager   com.example.cplink                   D  ä¼ æ„Ÿå™¨ç²¾åº¦å˜åŒ–: lsm6dsox Accelerometer Non-wakeup -> 3
2025-10-15 17:08:53.932 23937-23937 LocationSensorManager   com.example.cplink                   D  ä¼ æ„Ÿå™¨ç²¾åº¦å˜åŒ–: rotation_vector  Non-wakeup -> 3
2025-10-15 17:08:53.933 23937-23937 LocationSensorManager   com.example.cplink                   D  ä¼ æ„Ÿå™¨ç²¾åº¦å˜åŒ–: mxg4300  Non-wakeup -> 3
2025-10-15 17:08:53.934 23937-23937 ImeFocusController      com.example.cplink                   V  onWindowFocus: com.android.internal.policy.DecorView{503e31f V.E...... R......D 0,0-1080,2400}[MainActivity] softInputMode=STATE_UNSPECIFIED|ADJUST_PAN|IS_FORWARD_NAVIGATION
2025-10-15 17:08:53.936 23937-23937 FloatingWindowService   com.example.cplink                   I  â¹ï¸ åœæ­¢é€Ÿåº¦æ•°æ®æ£€æŸ¥
2025-10-15 17:08:53.936 23937-23937 FloatingWindowService   com.example.cplink                   D  ğŸ” æ‚¬æµ®çª—æœªæ˜¾ç¤ºæˆ–å·²éšè—ï¼Œè·³è¿‡éšè—æ“ä½œ
2025-10-15 17:08:53.936 23937-23937 FloatingWindowService   com.example.cplink                   I  ğŸ”§ æ‚¬æµ®çª—æœåŠ¡é”€æ¯
2025-10-15 17:08:54.067 23937-23937 MainActivity            com.example.cplink                   I  ğŸ” è‡ªæ£€æŸ¥: æƒé™ç®¡ç†å™¨ - æ­£åœ¨åˆå§‹åŒ–...
2025-10-15 17:08:54.068 23937-23937 MainActivity            com.example.cplink                   I  ğŸ” åˆå§‹åŒ–æƒé™ç®¡ç†å™¨...
2025-10-15 17:08:54.068 23937-23937 PermissionManager       com.example.cplink                   I  âœ… LocationSensorManagerå¼•ç”¨å·²æ›´æ–°
2025-10-15 17:08:54.068 23937-23937 MainActivity            com.example.cplink                   I  âœ… æƒé™ç®¡ç†å™¨å¼•ç”¨æ›´æ–°æˆåŠŸ
2025-10-15 17:08:54.068 23937-23937 MainActivity            com.example.cplink                   I  ğŸŒ¡ï¸ å¼€å§‹GPSé¢„çƒ­...
2025-10-15 17:08:54.068 23937-23937 LocationSensorManager   com.example.cplink                   I  ğŸŒ¡ï¸ å¯åŠ¨GPSé¢„çƒ­...
2025-10-15 17:08:54.075 23937-23937 LocationSensorManager   com.example.cplink                   I  âœ… GPSé¢„çƒ­å·²å¯åŠ¨
2025-10-15 17:08:54.076 23937-23937 MainActivity            com.example.cplink                   I  âœ… GPSé¢„çƒ­å·²å¯åŠ¨
2025-10-15 17:08:54.076 23937-23937 MainActivity            com.example.cplink                   I  ğŸ” è‡ªæ£€æŸ¥: æƒé™ç®¡ç†å™¨ - åˆå§‹åŒ–å®Œæˆ
2025-10-15 17:08:54.276 23937-23937 MainActivity            com.example.cplink                   I  ğŸ” è‡ªæ£€æŸ¥: æƒé™å’Œä½ç½®æœåŠ¡ - æ­£åœ¨è®¾ç½®...
2025-10-15 17:08:54.276 23937-23937 PermissionManager       com.example.cplink                   I  ğŸ” å¼€å§‹GPSæƒé™è®¾ç½®ï¼ˆç®€åŒ–ç‰ˆæœ¬ï¼‰
2025-10-15 17:08:54.276 23937-23937 PermissionManager       com.example.cplink                   I  ğŸ“ å½“å‰GPSæƒé™çŠ¶æ€:
2025-10-15 17:08:54.277 23937-23937 PermissionManager       com.example.cplink                   I    âœ… ACCESS_FINE_LOCATION: å·²æˆäºˆ
2025-10-15 17:08:54.277 23937-23937 PermissionManager       com.example.cplink                   I    âœ… ACCESS_COARSE_LOCATION: å·²æˆäºˆ
2025-10-15 17:08:54.277 23937-23937 PermissionManager       com.example.cplink                   I  âœ… GPSæƒé™æ£€æŸ¥é€šè¿‡ï¼Œç›´æ¥å¯åŠ¨ä½ç½®æ›´æ–°
2025-10-15 17:08:54.277 23937-23937 LocationSensorManager   com.example.cplink                   I  ğŸ“ å¯åŠ¨GPSä½ç½®æ›´æ–°æœåŠ¡...
2025-10-15 17:08:54.277 23937-23937 LocationSensorManager   com.example.cplink                   I  ğŸ” æ£€æŸ¥ä½ç½®æä¾›è€…çŠ¶æ€:
2025-10-15 17:08:54.277 23937-23937 LocationSensorManager   com.example.cplink                   I    ğŸ“¡ GPSæä¾›è€…: âœ… å¯ç”¨
2025-10-15 17:08:54.277 23937-23937 LocationSensorManager   com.example.cplink                   I    ğŸŒ ç½‘ç»œæä¾›è€…: âœ… å¯ç”¨
2025-10-15 17:08:54.278 23937-23937 LocationSensorManager   com.example.cplink                   I    ğŸ“± è¢«åŠ¨æä¾›è€…: âœ… å¯ç”¨
2025-10-15 17:08:54.278 23937-23937 LocationSensorManager   com.example.cplink                   I    ğŸ“‹ æ‰€æœ‰æä¾›è€…: [passive, network, fused, gps]
2025-10-15 17:08:54.278 23937-23937 LocationSensorManager   com.example.cplink                   I    âœ… å¯ç”¨çš„æä¾›è€…: [passive, network, fused, gps]
2025-10-15 17:08:54.284 23937-23937 LocationSensorManager   com.example.cplink                   I  âœ… GPSå®šä½å·²å¯åŠ¨ (é«˜ç²¾åº¦æ¨¡å¼: 0.5s/0.5m)
2025-10-15 17:08:54.288 23937-23937 LocationSensorManager   com.example.cplink                   I  âœ… ç½‘ç»œå®šä½å·²å¯åŠ¨ (ä¼˜åŒ–æ¨¡å¼: 1s/2m)
2025-10-15 17:08:54.288 23937-23937 LocationSensorManager   com.example.cplink                   I  âœ… ä½ç½®æ›´æ–°æœåŠ¡å¯åŠ¨å®Œæˆ
2025-10-15 17:08:54.302 23937-23937 LocationSensorManager   com.example.cplink                   I  ğŸ¯ ä½¿ç”¨æœ€åå·²çŸ¥ä½ç½®è¿›è¡Œç«‹å³æ›´æ–°:
2025-10-15 17:08:54.302 23937-23937 LocationSensorManager   com.example.cplink                   I    ğŸ“ åæ ‡: lat=31.203619, lon=120.628028
2025-10-15 17:08:54.302 23937-23937 LocationSensorManager   com.example.cplink                   I    ğŸ“¡ ç²¾åº¦: 40.0m
2025-10-15 17:08:54.302 23937-23937 LocationSensorManager   com.example.cplink                   I    ğŸ”§ æä¾›è€…: network
2025-10-15 17:08:54.302 23937-23937 LocationSensorManager   com.example.cplink                   I    â° æ—¶é—´: 3795mså‰
2025-10-15 17:08:54.303 23937-23937 LocationSensorManager   com.example.cplink                   I  âœ… GPSå­—æ®µæ›´æ–°å®Œæˆ (å®æ—¶æ€§ä¼˜åŒ–):
2025-10-15 17:08:54.303 23937-23937 LocationSensorManager   com.example.cplink                   D    ğŸ“ åæ ‡: lat=31.203619, lon=120.628028
2025-10-15 17:08:54.303 23937-23937 LocationSensorManager   com.example.cplink                   D    ğŸš€ é€Ÿåº¦: æ— é€Ÿåº¦æ•°æ®
2025-10-15 17:08:54.303 23937-23937 LocationSensorManager   com.example.cplink                   D    ğŸ§­ æ–¹å‘: æ— æ–¹å‘æ•°æ®
2025-10-15 17:08:54.303 23937-23937 LocationSensorManager   com.example.cplink                   D    ğŸ“¡ ç²¾åº¦: 40.0m
2025-10-15 17:08:54.303 23937-23937 LocationSensorManager   com.example.cplink                   D    ğŸ”§ æä¾›è€…: network
2025-10-15 17:08:54.303 23937-23937 LocationSensorManager   com.example.cplink                   D    â° æ•°æ®å¹´é¾„: 3795ms
2025-10-15 17:08:54.303 23937-23937 LocationSensorManager   com.example.cplink                   D    ğŸ¯ å®æ—¶æ€§: ä¸€èˆ¬
2025-10-15 17:08:54.303 23937-23937 PermissionManager       com.example.cplink                   I  ğŸ“¡ å¯åŠ¨GPSçŠ¶æ€ç›‘æ§...
2025-10-15 17:08:54.303 23937-23937 MainActivity            com.example.cplink                   I  ğŸ” è‡ªæ£€æŸ¥: æƒé™å’Œä½ç½®æœåŠ¡ - è®¾ç½®å®Œæˆ
2025-10-15 17:08:54.343 23937-23937 LocationSensorManager   com.example.cplink                   I  âœ… GPSå­—æ®µæ›´æ–°å®Œæˆ (å®æ—¶æ€§ä¼˜åŒ–):
2025-10-15 17:08:54.343 23937-23937 LocationSensorManager   com.example.cplink                   D    ğŸ“ åæ ‡: lat=31.203619, lon=120.628028
2025-10-15 17:08:54.343 23937-23937 LocationSensorManager   com.example.cplink                   D    ğŸš€ é€Ÿåº¦: æ— é€Ÿåº¦æ•°æ®
2025-10-15 17:08:54.343 23937-23937 LocationSensorManager   com.example.cplink                   D    ğŸ§­ æ–¹å‘: æ— æ–¹å‘æ•°æ®
2025-10-15 17:08:54.343 23937-23937 LocationSensorManager   com.example.cplink                   D    ğŸ“¡ ç²¾åº¦: 40.0m
2025-10-15 17:08:54.343 23937-23937 LocationSensorManager   com.example.cplink                   D    ğŸ”§ æä¾›è€…: network
2025-10-15 17:08:54.344 23937-23937 LocationSensorManager   com.example.cplink                   D    â° æ•°æ®å¹´é¾„: 3835ms
2025-10-15 17:08:54.344 23937-23937 LocationSensorManager   com.example.cplink                   D    ğŸ¯ å®æ—¶æ€§: ä¸€èˆ¬
2025-10-15 17:08:54.545 23937-23937 MainActivity            com.example.cplink                   I  ğŸ” è‡ªæ£€æŸ¥: ç½‘ç»œç®¡ç†å™¨ - æ­£åœ¨åˆå§‹åŒ–...
2025-10-15 17:08:54.545 23937-23937 MainActivity            com.example.cplink                   I  ğŸŒ åˆå§‹åŒ–ç½‘ç»œç®¡ç†å™¨ï¼ˆå»¶è¿Ÿå¯åŠ¨ç½‘ç»œæœåŠ¡ï¼‰...
2025-10-15 17:08:54.547 23937-23937 MainActivity            com.example.cplink                   I  âœ… ç½‘ç»œç®¡ç†å™¨åˆå§‹åŒ–æˆåŠŸï¼ˆç½‘ç»œæœåŠ¡å¾…å¯åŠ¨ï¼‰
2025-10-15 17:08:54.547 23937-23937 MainActivity            com.example.cplink                   I  ğŸ” è‡ªæ£€æŸ¥: ç½‘ç»œç®¡ç†å™¨ - åˆå§‹åŒ–å®Œæˆ
2025-10-15 17:08:54.697 23937-26456 ActivityThread          com.example.cplink                   V  updateVmProcessStateForGc sceneId =1 state=196608
2025-10-15 17:08:54.697 23937-26456 .example.cplink         com.example.cplink                   I  Close vivo delay for GC JIT .
2025-10-15 17:08:54.742 23937-26448 .example.cplink         com.example.cplink                   I  Compiler allocated 8198KB to compile void android.view.ViewRootImpl.performTraversals()
2025-10-15 17:08:54.748 23937-23937 MainActivity            com.example.cplink                   I  ğŸ” è‡ªæ£€æŸ¥: ç³»ç»Ÿç®¡ç†å™¨ - æ­£åœ¨å¹¶è¡Œåˆå§‹åŒ–...
2025-10-15 17:08:54.750 23937-26520 MainActivity            com.example.cplink                   I  ğŸ—ºï¸ åˆå§‹åŒ–é«˜å¾·åœ°å›¾ç®¡ç†å™¨...
2025-10-15 17:08:54.751 23937-26522 MainActivity            com.example.cplink                   I  ğŸ“¡ åˆå§‹åŒ–å¹¿æ’­ç®¡ç†å™¨...
2025-10-15 17:08:54.751 23937-26521 MainActivity            com.example.cplink                   I  ğŸ“± åˆå§‹åŒ–è®¾å¤‡ç®¡ç†å™¨...
2025-10-15 17:08:54.752 23937-26520 MainActivity            com.example.cplink                   I  âœ… é«˜å¾·åœ°å›¾ç®¡ç†å™¨åˆå§‹åŒ–æˆåŠŸ
2025-10-15 17:08:54.757 23937-26521 DeviceManager           com.example.cplink                   I  ğŸ“± ä½¿ç”¨å·²å­˜åœ¨çš„è®¾å¤‡ID: FB0184A6B311
2025-10-15 17:08:54.759 23937-26522 AmapBroadcastManager    com.example.cplink                   I  âœ… å¢å¼ºç‰ˆå¹¿æ’­æ¥æ”¶å™¨æ³¨å†ŒæˆåŠŸ
2025-10-15 17:08:54.759 23937-26522 AmapBroadcastManager    com.example.cplink                   D  ğŸ“¡ æ³¨å†Œçš„å¹¿æ’­Actionåˆ—è¡¨:
2025-10-15 17:08:54.759 23937-26522 AmapBroadcastManager    com.example.cplink                   D    - AMAP_NAVI_ACTION_UPDATE
2025-10-15 17:08:54.759 23937-26520 AmapBroadcastManager    com.example.cplink                   I  ğŸš€ å¯åŠ¨å¹¿æ’­å¤„ç†åç¨‹
2025-10-15 17:08:54.759 23937-26522 AmapBroadcastManager    com.example.cplink                   D    - AMAP_NAVI_ACTION_TURN
2025-10-15 17:08:54.759 23937-26522 AmapBroadcastManager    com.example.cplink                   D    - com.autonavi.minimap.broadcast
2025-10-15 17:08:54.760 23937-26522 AmapBroadcastManager    com.example.cplink                   D    - AMAP_NAVI_ACTION_LOCATION
2025-10-15 17:08:54.760 23937-26522 AmapBroadcastManager    com.example.cplink                   D    - AUTONAVI_BROADCAST_SEND
2025-10-15 17:08:54.760 23937-26522 AmapBroadcastManager    com.example.cplink                   D    - AMAP_NAVI_ACTION_ROUTE
2025-10-15 17:08:54.760 23937-26522 AmapBroadcastManager    com.example.cplink                   D    - AMAP_BROADCAST_SEND
2025-10-15 17:08:54.760 23937-26522 AmapBroadcastManager    com.example.cplink                   D    - com.autonavi.minimap.navigation.broadcast
2025-10-15 17:08:54.760 23937-26522 AmapBroadcastManager    com.example.cplink                   D    - AUTONAVI_STANDARD_BROADCAST_RECV
2025-10-15 17:08:54.760 23937-26522 AmapBroadcastManager    com.example.cplink                   D    - AUTONAVI_STANDARD_BROADCAST_SEND
2025-10-15 17:08:54.760 23937-26522 MainActivity            com.example.cplink                   I  âœ… å¹¿æ’­ç®¡ç†å™¨åˆå§‹åŒ–æˆåŠŸ
2025-10-15 17:08:54.764 23937-26521 DeviceManager           com.example.cplink                   I  ğŸ“Š è®°å½•åº”ç”¨å¯åŠ¨ï¼Œä½¿ç”¨æ¬¡æ•°: 108ï¼Œä¿å­˜æˆåŠŸ: true
2025-10-15 17:08:54.764 23937-26521 MainActivity            com.example.cplink                   I  âœ… è®¾å¤‡ç®¡ç†å™¨åˆå§‹åŒ–æˆåŠŸï¼Œè®¾å¤‡ID: FB0184A6B311
2025-10-15 17:08:54.825 23937-23937 MainActivity            com.example.cplink                   I  ğŸ” è‡ªæ£€æŸ¥: ç³»ç»Ÿç®¡ç†å™¨ - å¹¶è¡Œåˆå§‹åŒ–å®Œæˆ
2025-10-15 17:08:55.165 23937-23937 MainActivity            com.example.cplink                   I  ğŸ” è‡ªæ£€æŸ¥: ç”¨æˆ·ç±»å‹ - æ­£åœ¨è·å–...
2025-10-15 17:08:55.169 23937-26521 MainActivity            com.example.cplink                   D  ğŸ“± ç¼“å­˜å‘½ä¸­: ç±»å‹=4, å¹´é¾„=25832ç§’
2025-10-15 17:08:55.169 23937-26521 MainActivity            com.example.cplink                   I  ğŸ“± ä½¿ç”¨ç¼“å­˜çš„ç”¨æˆ·ç±»å‹: 4
2025-10-15 17:08:55.181 23937-23937 MainActivity            com.example.cplink                   I  ğŸ” è‡ªæ£€æŸ¥: ç”¨æˆ·ç±»å‹ - è·å–å®Œæˆ: é“ç²‰
2025-10-15 17:08:55.281 23937-23937 MainActivity            com.example.cplink                   I  ğŸ” è‡ªæ£€æŸ¥: ä½¿ç”¨ç»Ÿè®¡ - åå°æ›´æ–°ä¸­...
2025-10-15 17:08:55.282 23937-26521 DeviceManager           com.example.cplink                   D  ğŸ“Š è·å–ä½¿ç”¨ç»Ÿè®¡: æ¬¡æ•°=108, æ—¶é•¿=208åˆ†é’Ÿ, è·ç¦»=1221.8884km
2025-10-15 17:08:55.284 23937-23937 MainActivity            com.example.cplink                   I  ğŸ” è‡ªæ£€æŸ¥: ä½¿ç”¨ç»Ÿè®¡ - æ›´æ–°å®Œæˆ
2025-10-15 17:08:55.285 23937-26522 MainActivity            com.example.cplink                   I  ğŸ“Š è‡ªåŠ¨æ›´æ–°ä½¿ç”¨ç»Ÿè®¡æ•°æ®: æ¬¡æ•°=108, æ—¶é•¿=208åˆ†é’Ÿ, è·ç¦»=1221.8884km
2025-10-15 17:08:55.289 23937-26522 DpmTcmClient            com.example.cplink                   I  RegisterTcmMonitor from: $Proxy2
2025-10-15 17:08:55.299 23937-26522 TrafficStats            com.example.cplink                   D  tagSocket(150) with statsTag=0xffffffff, statsUid=-1
2025-10-15 17:08:55.300 23937-26522 Linux                   com.example.cplink                   D  [Posix_connect Debug]Process com.example.cplink :443 
2025-10-15 17:08:55.383 23937-23937 MainActivity            com.example.cplink                   I  ğŸ” è‡ªæ£€æŸ¥: ä½ç½®æ›´æ–° - æ­£åœ¨æ‰§è¡Œ...
2025-10-15 17:08:55.383 23937-23937 MainActivity            com.example.cplink                   I  ğŸš€ æ‰§è¡Œåˆå§‹ä½ç½®æ›´æ–°...
2025-10-15 17:08:55.383 23937-23937 MainActivity            com.example.cplink                   I  ğŸ” è‡ªæ£€æŸ¥: ä½ç½®æ›´æ–° - æ‰§è¡Œå®Œæˆ
2025-10-15 17:08:55.385 23937-23937 MainActivity            com.example.cplink                   I  ğŸ“ æ›´æ–°ä½ç½®ç”¨äºè·ç¦»ç»Ÿè®¡: lat=31.203619, lon=120.628028
2025-10-15 17:08:55.385 23937-23937 DeviceManager           com.example.cplink                   I  â° å¯åŠ¨å€’è®¡æ—¶: 850ç§’
2025-10-15 17:08:55.385 23937-23937 DeviceManager           com.example.cplink                   I  â¹ï¸ åœæ­¢å€’è®¡æ—¶
2025-10-15 17:08:55.585 23937-23937 MainActivity            com.example.cplink                   I  ğŸ” è‡ªæ£€æŸ¥: é™æ€æ¥æ”¶å™¨ - æ­£åœ¨å¤„ç†...
2025-10-15 17:08:55.585 23937-23937 MainActivity            com.example.cplink                   I  ğŸ” è‡ªæ£€æŸ¥: é™æ€æ¥æ”¶å™¨ - å¤„ç†å®Œæˆ
2025-10-15 17:08:55.787 23937-23937 MainActivity            com.example.cplink                   I  ğŸ” è‡ªæ£€æŸ¥: ç½‘ç»œæœåŠ¡ - æ­£åœ¨å¯åŠ¨...
2025-10-15 17:08:55.787 23937-23937 MainActivity            com.example.cplink                   I  ğŸŒ å¯åŠ¨ç½‘ç»œæœåŠ¡...
2025-10-15 17:08:55.787 23937-23937 NetworkManager          com.example.cplink                   I  ğŸŒ åˆå§‹åŒ–CarrotManç½‘ç»œå®¢æˆ·ç«¯...
2025-10-15 17:08:55.789 23937-23937 CarrotManNetwork        com.example.cplink                   D  è®¾å¤‡å‘ç°å›è°ƒå·²è®¾ç½®
2025-10-15 17:08:55.789 23937-23937 CarrotManNetwork        com.example.cplink                   D  è¿æ¥çŠ¶æ€å›è°ƒå·²è®¾ç½®
2025-10-15 17:08:55.789 23937-23937 CarrotManNetwork        com.example.cplink                   D  æ•°æ®å‘é€å›è°ƒå·²è®¾ç½®
2025-10-15 17:08:55.789 23937-23937 CarrotManNetwork        com.example.cplink                   D  OpenpPilotçŠ¶æ€æ¥æ”¶å›è°ƒå·²è®¾ç½®
2025-10-15 17:08:55.789 23937-23937 CarrotManNetwork        com.example.cplink                   I  å¯åŠ¨ CarrotMan ç½‘ç»œå®¢æˆ·ç«¯æœåŠ¡
2025-10-15 17:08:55.789 23937-23937 CarrotManNetwork        com.example.cplink                   D  å¼€å§‹åˆå§‹åŒ–UDP Socketè¿æ¥...
2025-10-15 17:08:55.790 23937-23937 TrafficStats            com.example.cplink                   D  tagSocket(138) with statsTag=0xffffffff, statsUid=-1
2025-10-15 17:08:55.790 23937-23937 CarrotManNetwork        com.example.cplink                   D  ç›‘å¬Socketå·²åˆ›å»ºï¼Œç«¯å£: 7705ï¼Œè¶…æ—¶: 1000ms
2025-10-15 17:08:55.790 23937-23937 TrafficStats            com.example.cplink                   D  tagSocket(140) with statsTag=0xffffffff, statsUid=-1
2025-10-15 17:08:55.791 23937-23937 CarrotManNetwork        com.example.cplink                   D  æ•°æ®å‘é€Socketå·²åˆ›å»ºï¼Œç«¯å£: 41646
2025-10-15 17:08:55.791 23937-23937 CarrotManNetwork        com.example.cplink                   I  Socketåˆå§‹åŒ–æˆåŠŸ - ç›‘å¬ç«¯å£: 7705 (å¹¿æ’­æ¨¡å¼)
2025-10-15 17:08:55.793 23937-26520 CarrotManNetwork        com.example.cplink                   I  å¯åŠ¨è®¾å¤‡å¥åº·æ£€æŸ¥æœåŠ¡ï¼Œæ£€æŸ¥é—´éš”: 2000ms
2025-10-15 17:08:55.794 23937-26521 CarrotManNetwork        com.example.cplink                   I  âœ… å¯åŠ¨è®¾å¤‡å¹¿æ’­ç›‘å¬æœåŠ¡ - ç«¯å£: 7705
2025-10-15 17:08:55.794 23937-23937 CarrotManNetwork        com.example.cplink                   I  CarrotMan ç½‘ç»œæœåŠ¡å¯åŠ¨æˆåŠŸ
2025-10-15 17:08:55.794 23937-23937 CarrotManNetwork        com.example.cplink                   I  ğŸ“¡ å¯åŠ¨è‡ªåŠ¨æ•°æ®å‘é€ä»»åŠ¡(å®¢æˆ·ç«¯)â€¦
2025-10-15 17:08:55.794 23937-26524 CarrotManNetwork        com.example.cplink                   I  ğŸ’“ å¯åŠ¨å¿ƒè·³ä»»åŠ¡
2025-10-15 17:08:55.796 23937-26523 CarrotManNetwork        com.example.cplink                   W  âš ï¸ å‘é€CarrotManæ•°æ® - æœåŠ¡æœªè¿è¡Œæˆ–æ— è¿æ¥è®¾å¤‡
2025-10-15 17:08:55.797 23937-26523 CarrotManNetwork        com.example.cplink                   D  çŠ¶æ€æ£€æŸ¥ - è¿è¡ŒçŠ¶æ€: true, è¿æ¥è®¾å¤‡: null
2025-10-15 17:08:55.797 23937-23937 NetworkManager          com.example.cplink                   I  ğŸ”„ ç½‘ç»œçŠ¶æ€å®šæœŸæ›´æ–°å·²å¯åŠ¨
2025-10-15 17:08:55.797 23937-23937 NetworkManager          com.example.cplink                   I  âœ… CarrotManç½‘ç»œå®¢æˆ·ç«¯åˆå§‹åŒ–æˆåŠŸ
2025-10-15 17:08:55.797 23937-23937 MainActivity            com.example.cplink                   I  âœ… ç½‘ç»œæœåŠ¡å¯åŠ¨æˆåŠŸ
2025-10-15 17:08:55.798 23937-23937 MainActivity            com.example.cplink                   I  ğŸ” è‡ªæ£€æŸ¥: ç½‘ç»œæœåŠ¡ - å¯åŠ¨å®Œæˆ
2025-10-15 17:08:55.838 23937-23937 NetworkManager          com.example.cplink                   I  ğŸŒ ç½‘ç»œçŠ¶æ€å˜åŒ–: connected=false, device=
2025-10-15 17:08:55.839 23937-23937 NetworkManager          com.example.cplink                   I  ğŸŒ ç½‘ç»œçŠ¶æ€å˜åŒ–: connected=false, device=
2025-10-15 17:08:55.841 23937-26521 CarrotManNetwork        com.example.cplink                   I  ğŸ”„ æ›´æ–°çŠ¶æ€: å‘ç°è®¾å¤‡ 192.168.10.29ï¼Œæ­£åœ¨è¿æ¥...
2025-10-15 17:08:55.842 23937-26521 CarrotManNetwork        com.example.cplink                   D  ç½‘ç»œçŠ¶æ€å·²ä¿å­˜: running=true, device=192.168.10.29:7706 (vopenpilot)
2025-10-15 17:08:55.842 23937-26541 CarrotManNetwork        com.example.cplink                   I  âœ… å¯åŠ¨æ•°æ®ä¼ è¾“ä»»åŠ¡ - è®¾å¤‡: 192.168.10.29
2025-10-15 17:08:55.842 23937-26521 CarrotManNetwork        com.example.cplink                   I  ğŸ‰ è®¾å¤‡è¿æ¥å»ºç«‹æˆåŠŸ: 192.168.10.29
2025-10-15 17:08:55.892 23937-23937 NetworkManager          com.example.cplink                   I  ğŸ¯ å‘ç°Comma3è®¾å¤‡: 192.168.10.29:7706 (vopenpilot)
2025-10-15 17:08:55.892 23937-23937 NetworkManager          com.example.cplink                   I  ğŸŒ ç½‘ç»œçŠ¶æ€å˜åŒ–: connected=false, device=
2025-10-15 17:08:55.892 23937-23937 NetworkManager          com.example.cplink                   I  ğŸŒ ç½‘ç»œçŠ¶æ€å˜åŒ–: connected=true, device=192.168.10.29:7706 (vopenpilot)
2025-10-15 17:08:55.999 23937-23937 MainActivity            com.example.cplink                   I  ğŸ” è‡ªæ£€æŸ¥: ç”¨æˆ·ç•Œé¢ - æ­£åœ¨è®¾ç½®...
2025-10-15 17:08:55.999 23937-23937 MainActivity            com.example.cplink                   I  ğŸ” è‡ªæ£€æŸ¥: ç”¨æˆ·ç•Œé¢ - è®¾ç½®å®Œæˆ
2025-10-15 17:08:56.202 23937-23937 MainActivity            com.example.cplink                   I  ğŸ” è‡ªæ£€æŸ¥: ç³»ç»Ÿæ£€æŸ¥ - æ‰€æœ‰æ£€æŸ¥å®Œæˆ
2025-10-15 17:08:56.202 23937-23937 MainActivity            com.example.cplink                   I  ğŸ¯ æ ¹æ®ç”¨æˆ·ç±»å‹æ‰§è¡Œæ“ä½œ: 4
2025-10-15 17:08:56.202 23937-23937 MainActivity            com.example.cplink                   I  ğŸ’ èµåŠ©è€…/é“ç²‰ï¼Œç›´æ¥æ‰“å¼€é«˜å¾·åœ°å›¾
2025-10-15 17:08:56.223 23937-23937 MainActivity            com.example.cplink                   I  å·²å¯åŠ¨é«˜å¾·åœ°å›¾è½¦æœºç‰ˆ
2025-10-15 17:08:56.260 23937-23937 MainActivity            com.example.cplink                   I  â¸ï¸ Activityæš‚åœ
2025-10-15 17:08:56.260 23937-23937 DeviceManager           com.example.cplink                   W  âš ï¸ ä½¿ç”¨æ—¶é•¿å¤ªçŸ­ï¼Œæœªè®°å½•: 0åˆ†é’Ÿ
2025-10-15 17:08:56.310 23937-23937 FloatingWindowService   com.example.cplink                   I  ğŸ”„ ä½¿ç”¨å¹¿æ’­æ–¹å¼å‘é€æ§åˆ¶æŒ‡ä»¤ï¼Œé¿å…ç«¯å£å†²çª
2025-10-15 17:08:56.310 23937-23937 FloatingWindowService   com.example.cplink                   I  âœ… ç½‘ç»œç®¡ç†å™¨åˆå§‹åŒ–å®Œæˆï¼ˆå¹¿æ’­æ¨¡å¼ï¼‰
2025-10-15 17:08:56.315 23937-23937 CompatChangeReporter    com.example.cplink                   D  Compat change id reported: 63938206; UID 10437; state: ENABLED
2025-10-15 17:08:56.327 23937-23937 FloatingWindowService   com.example.cplink                   I  ğŸ”„ ç”¨æˆ·ç±»å‹æ–‡æœ¬å·²æ›´æ–°: é“ç²‰ ğŸ“‚
2025-10-15 17:08:56.327 23937-23937 FloatingWindowService   com.example.cplink                   I  âœ… æ‚¬æµ®çª—ç”¨æˆ·ç±»å‹æ˜¾ç¤ºæ›´æ–°å®Œæˆ
2025-10-15 17:08:56.328 23937-23937 FloatingWindowService   com.example.cplink                   I  âœ… æ™ºèƒ½æ§é€ŸæŒ‰é’®çŠ¶æ€åˆå§‹åŒ–: æ¨¡å¼=0
2025-10-15 17:08:56.338 23937-26448 .example.cplink         com.example.cplink                   I  Compiler allocated 4420KB to compile void android.widget.TextView.<init>(android.content.Context, android.util.AttributeSet, int, int)
2025-10-15 17:08:56.341 23937-23937 FloatingWindowService   com.example.cplink                   I  âœ… æ‚¬æµ®çª—æ˜¾ç¤ºæˆåŠŸ
2025-10-15 17:08:56.341 23937-23937 FloatingWindowService   com.example.cplink                   I  â¹ï¸ åœæ­¢é€Ÿåº¦æ•°æ®æ£€æŸ¥
2025-10-15 17:08:56.342 23937-23937 FloatingWindowService   com.example.cplink                   I  ğŸš— å¼€å§‹ä¼˜åŒ–é€Ÿåº¦æ•°æ®æ£€æŸ¥ï¼ˆé«˜é¢‘æ›´æ–°ï¼‰
2025-10-15 17:08:56.387 23937-23937 ViewRootImpl            com.example.cplink                   D  AppSizeAfterRelayout, size: Point(674, 455), rotation: ROTATION_0
2025-10-15 17:08:56.387 23937-23937 .example.cplink         com.example.cplink                   W  type=1400 audit(0.0:680688): avc:  denied  { read } for  name="u:object_r:vendor_display_prop:s0" dev="tmpfs" ino=493 scontext=u:r:untrusted_app:s0:c181,c257,c512,c768 tcontext=u:object_r:vendor_display_prop:s0 tclass=file permissive=0 app=com.example.cplink
2025-10-15 17:08:56.388 23937-23937 libc                    com.example.cplink                   W  Access denied finding property "vendor.display.enable_optimal_refresh_rate"
2025-10-15 17:08:56.433 23937-26541 AmapBroadcastManager    com.example.cplink                   V  ğŸ”„ åŒæ­¥ç¼“å†²åŒºåˆ°UI: 1 æ¡æ•°æ®
2025-10-15 17:08:56.448 23937-23937 ViewRootImpl            com.example.cplink                   D  AppSizeAfterRelayout, size: Point(685, 455), rotation: ROTATION_0
2025-10-15 17:08:56.847 23937-26522 MainActivity            com.example.cplink                   D  ğŸ“‹ ç”¨æˆ·å½“å‰æ•°æ®: è½¦å‹=é©¬è‡ªè¾¾cX-5, å¾®ä¿¡å=æœºæ¢°å°é¸½, èµåŠ©é‡‘é¢=188.0, ç”¨æˆ·ç±»å‹=4
2025-10-15 17:08:56.847 23937-26522 MainActivity            com.example.cplink                   D  ğŸ“¤ å‘é€ä½¿ç”¨ç»Ÿè®¡æ›´æ–°è¯·æ±‚: {"device_id":"FB0184A6B311","car_model":"é©¬è‡ªè¾¾cX-5","wechat_name":"æœºæ¢°å°é¸½","sponsor_amount":188,"user_type":4,"usage_count":108,"usage_duration":3.466666666666667,"total_distance":1221.8884}
2025-10-15 17:08:56.972 23937-23937 VRI[MainActivity]       com.example.cplink                   D  visibilityChanged oldVisibility=true newVisibility=false
2025-10-15 17:08:56.996 23937-23937 ViewRootImpl            com.example.cplink                   D  AppSizeAfterRelayout, size: Point(1080, 2400), rotation: ROTATION_0
2025-10-15 17:08:57.685 23937-26522 MainActivity            com.example.cplink                   D  ğŸ“¥ ä½¿ç”¨ç»Ÿè®¡æ›´æ–°å“åº”ç : 200
2025-10-15 17:08:57.686 23937-26522 MainActivity            com.example.cplink                   D  ğŸ“¥ ä½¿ç”¨ç»Ÿè®¡æ›´æ–°å“åº”: {
                                                                                                      "data": {
                                                                                                        "car_model": "\u9a6c\u81ea\u8fbecX-5",
                                                                                                        "device_id": "FB0184A6B311",
                                                                                                        "modify_time": "2025-10-15T09:08:57.718608",
                                                                                                        "sponsor_amount": 188.0,
                                                                                                        "total_distance": 1221.8884,
                                                                                                        "usage_count": 108,
                                                                                                        "usage_duration": 3.466666666666667,
                                                                                                        "user_type": 4,
                                                                                                        "wechat_name": "\u673a\u68b0\u5c0f\u9e3d"
                                                                                                      },
                                                                                                      "message": "\u7528\u6237\u6570\u636e\u66f4\u65b0\u6210\u529f",
                                                                                                      "success": true
                                                                                                    }
2025-10-15 17:08:57.687 23937-26522 MainActivity            com.example.cplink                   I  âœ… ä½¿ç”¨ç»Ÿè®¡æ•°æ®æ›´æ–°æˆåŠŸ: æ¬¡æ•°=108, æ—¶é•¿=3.466666666666667å°æ—¶, è·ç¦»=1221.8884km
2025-10-15 17:08:58.363 23937-26582 ProfileInstaller        com.example.cplink                   D  Installing profile for com.example.cplink
2025-10-15 17:08:59.580 23937-26522 AmapBroadcastHandlers   com.example.cplink                   D  ğŸ§­ å¤„ç†å¼•å¯¼ä¿¡æ¯å¹¿æ’­ (KEY_TYPE: 10001)
2025-10-15 17:08:59.581 23937-26522 AmapBroadcastHandlers   com.example.cplink                   D  ğŸ“ GPSåæ ‡ä¸º0ï¼Œä½¿ç”¨æ‰‹æœºGPS: lat=31.203619, lon=120.628028
2025-10-15 17:08:59.583 23937-26522 AmapBroadcastHandlers   com.example.cplink                   I  ğŸ”„ è½¬å¼¯æ˜ å°„: é«˜å¾·å›¾æ ‡=55 -> CarrotManç±»å‹=55, è·ç¦»=5m
2025-10-15 17:08:59.583 23937-26522 AmapBroadcastHandlers   com.example.cplink                   I  ğŸ”„ ä¸‹ä¸€è½¬å¼¯æ˜ å°„: é«˜å¾·å›¾æ ‡=15 -> CarrotManç±»å‹=53, è·ç¦»=9m
2025-10-15 17:08:59.586 23937-26522 AmapBroadcastHandlers   com.example.cplink                   D  ğŸ“Š æ•°æ®æºå·²æ›´æ–°: amap_navi
2025-10-15 17:09:00.824 23937-23937 FloatingWindowService   com.example.cplink                   I  ğŸ® æ‚¬æµ®çª—ï¼šç”¨æˆ·ç‚¹å‡»æ™ºèƒ½æ§é€ŸæŒ‰é’®
2025-10-15 17:09:00.829 23937-23937 FloatingWindowService   com.example.cplink                   I  ğŸ”„ åˆ‡æ¢é€Ÿåº¦æ§åˆ¶æ¨¡å¼: æ™ºèƒ½æ§é€Ÿ â†’ åŸè½¦å·¡èˆª
2025-10-15 17:09:01.333 23937-23937 MainActivity            com.example.cplink                   I  ğŸ”„ æ”¶åˆ°æ¨¡å¼åˆ‡æ¢å¹¿æ’­: åŸè½¦å·¡èˆª (SpeedFromPCM=1)
2025-10-15 17:09:01.340 23937-26521 NetworkManager          com.example.cplink                   I  ğŸ”„ å‘é€æ¨¡å¼åˆ‡æ¢åˆ°comma3è®¾å¤‡: http://192.168.10.29:8082/store_toggle_values
2025-10-15 17:09:01.340 23937-26521 NetworkManager          com.example.cplink                   D  ğŸ“‹ æ¨¡å¼æ•°æ®: SpeedFromPCM=1, ShowDateTime=1
2025-10-15 17:09:01.346 23937-23937 FloatingWindowService   com.example.cplink                   I  âœ… æ¨¡å¼åˆ‡æ¢å®Œæˆ: åŸè½¦å·¡èˆª (SpeedFromPCM=1)
2025-10-15 17:09:01.348 23937-26521 TrafficStats            com.example.cplink                   D  tagSocket(129) with statsTag=0xffffffff, statsUid=-1
2025-10-15 17:09:01.351 23937-26521 Linux                   com.example.cplink                   D  [Posix_connect Debug]Process com.example.cplink :8082 
2025-10-15 17:09:02.129 23937-26520 AmapBroadcastManager    com.example.cplink                   V  ğŸ”„ åŒæ­¥ç¼“å†²åŒºåˆ°UI: 3 æ¡æ•°æ®
2025-10-15 17:09:02.538 23937-26594 libc                    com.example.cplink                   W  Access denied finding property "ro.vendor.vivo.software.ai.llm.disable"
2025-10-15 17:09:02.535 23937-23937 support-thread          com.example.cplink                   W  type=1400 audit(0.0:680699): avc:  denied  { read } for  name="u:object_r:vendor_feature_prop:s0" dev="tmpfs" ino=503 scontext=u:r:untrusted_app:s0:c181,c257,c512,c768 tcontext=u:object_r:vendor_feature_prop:s0 tclass=file permissive=0 app=com.example.cplink
2025-10-15 17:09:02.585 23937-23937 FloatingWindowService   com.example.cplink                   I  ğŸ¢ æ‚¬æµ®çª—ï¼šç”¨æˆ·ç‚¹å‡»å…¬å¸æŒ‰é’®
2025-10-15 17:09:02.585 23937-23937 FloatingWindowService   com.example.cplink                   I  ğŸ¢ æ‚¬æµ®çª—å‘é€å¯¼èˆªåˆ°å…¬å¸æŒ‡ä»¤ç»™é«˜å¾·åœ°å›¾
2025-10-15 17:09:02.586 23937-23937 FloatingWindowService   com.example.cplink                   I  âœ… æ‚¬æµ®çª—å¯¼èˆªåˆ°å…¬å¸å¹¿æ’­å·²å‘é€
2025-10-15 17:09:03.130 23937-23937 AmapBroadcastManager    com.example.cplink                   D  ğŸ“¦ å¹¿æ’­è¯¦æƒ…: action=AUTONAVI_STANDARD_BROADCAST_SEND, KEY_TYPE=60021, EXTRA_STATE=-1
2025-10-15 17:09:03.649 23937-23937 FloatingWindowService   com.example.cplink                   I  ğŸ  æ‚¬æµ®çª—ï¼šç”¨æˆ·ç‚¹å‡»å›å®¶æŒ‰é’®
2025-10-15 17:09:03.649 23937-23937 FloatingWindowService   com.example.cplink                   I  ğŸ  æ‚¬æµ®çª—å‘é€ä¸€é”®å›å®¶æŒ‡ä»¤ç»™é«˜å¾·åœ°å›¾
2025-10-15 17:09:03.652 23937-23937 FloatingWindowService   com.example.cplink                   I  âœ… æ‚¬æµ®çª—ä¸€é”®å›å®¶å¯¼èˆªå¹¿æ’­å·²å‘é€
2025-10-15 17:09:04.869 23937-23937 FloatingWindowService   com.example.cplink                   I  ğŸ“Š æ‚¬æµ®çª—ï¼šç”¨æˆ·ç‚¹å‡»æ•°æ®æŒ‰é’®
2025-10-15 17:09:04.869 23937-23937 FloatingWindowService   com.example.cplink                   I  ğŸ“Š æ‚¬æµ®çª—ï¼šæ‰“å¼€æ•°æ®é¡µé¢
2025-10-15 17:09:04.899 23937-23937 FloatingWindowService   com.example.cplink                   I  âœ… æ‚¬æµ®çª—éšè—æˆåŠŸ
2025-10-15 17:09:04.900 23937-23937 WindowOnBackDispatcher  com.example.cplink                   W  sendCancelIfRunning: isInProgress=false callback=android.view.ViewRootImpl$$ExternalSyntheticLambda11@b65b498
2025-10-15 17:09:04.920 23937-23937 MainActivity            com.example.cplink                   I  ğŸ“± æ”¶åˆ°æ–°çš„Intentï¼Œå¤„ç†é¡µé¢å¯¼èˆª
2025-10-15 17:09:04.920 23937-23937 MainActivity            com.example.cplink                   I  ğŸ“± æ‚¬æµ®çª—å¯¼èˆªåˆ°é¡µé¢: 4
2025-10-15 17:09:04.920 23937-23937 MainActivity            com.example.cplink                   I  â–¶ï¸ Activityæ¢å¤ï¼Œéšè—æ‚¬æµ®çª—
2025-10-15 17:09:04.929 23937-23937 DeviceManager           com.example.cplink                   D  ğŸ“Š è·å–ä½¿ç”¨ç»Ÿè®¡: æ¬¡æ•°=108, æ—¶é•¿=208åˆ†é’Ÿ, è·ç¦»=1221.8884km
2025-10-15 17:09:04.984 23937-23937 ViewRootImpl            com.example.cplink                   D  AppSizeAfterRelayout, size: Point(1080, 2400), rotation: ROTATION_0
2025-10-15 17:09:04.985 23937-23937 libc                    com.example.cplink                   W  Access denied finding property "vendor.display.enable_optimal_refresh_rate"
2025-10-15 17:09:04.983 23937-23937 .example.cplink         com.example.cplink                   W  type=1400 audit(0.0:680738): avc:  denied  { read } for  name="u:object_r:vendor_display_prop:s0" dev="tmpfs" ino=493 scontext=u:r:untrusted_app:s0:c181,c257,c512,c768 tcontext=u:object_r:vendor_display_prop:s0 tclass=file permissive=0 app=com.example.cplink
2025-10-15 17:09:05.619 23937-23937 FloatingWindowService   com.example.cplink                   I  â¹ï¸ åœæ­¢é€Ÿåº¦æ•°æ®æ£€æŸ¥
2025-10-15 17:09:05.619 23937-23937 FloatingWindowService   com.example.cplink                   D  ğŸ” æ‚¬æµ®çª—æœªæ˜¾ç¤ºæˆ–å·²éšè—ï¼Œè·³è¿‡éšè—æ“ä½œ
2025-10-15 17:09:05.620 23937-23937 Choreographer           com.example.cplink                   I  Skipped 40 frames!  The application may be doing too much work on its main thread.
2025-10-15 17:09:05.637 23937-26456 HWUI                    com.example.cplink                   I  Davey! duration=706ms; Flags=1, FrameTimelineVsyncId=18045703, IntendedVsync=102192306966290, Vsync=102192323492464, InputEventId=0, HandleInputStart=102192327857994, AnimationStart=102192327860181, PerformTraversalsStart=102192372565390, DrawStart=102192384560494, FrameDeadline=102192323632956, FrameInterval=102192327826431, FrameStartTime=16526174, SyncQueued=102193000510546, SyncStart=102193000811327, IssueDrawCommandsStart=102193001086171, SwapBuffers=102193012923046, FrameCompleted=102193013474191, DequeueBufferDuration=11406, QueueBufferDuration=313021, GpuCompleted=102193012993618, SwapBuffersCompleted=102193013474191, DisplayPresentTime=0, CommandSubmissionCompleted=102193012923046, 
2025-10-15 17:09:05.745 23937-26456 HWUI                    com.example.cplink                   I  Davey! duration=795ms; Flags=0, FrameTimelineVsyncId=18045733, IntendedVsync=102192340023092, Vsync=102193001082612, InputEventId=0, HandleInputStart=102193017923514, AnimationStart=102193017926327, PerformTraversalsStart=102193125764504, DrawStart=102193125982160, FrameDeadline=102193034258438, FrameInterval=102193017406848, FrameStartTime=16526488, SyncQueued=102193130215910, SyncStart=102193130499660, IssueDrawCommandsStart=102193130722316, SwapBuffers=102193134648462, FrameCompleted=102193136228202, DequeueBufferDuration=15312, QueueBufferDuration=204531, GpuCompleted=102193136228202, SwapBuffersCompleted=102193135621431, DisplayPresentTime=0, CommandSubmissionCompleted=102193134648462, 
2025-10-15 17:09:05.746 23937-23937 AmapBroadcastManager    com.example.cplink                   D  ğŸ“¦ å¹¿æ’­è¯¦æƒ…: action=AUTONAVI_STANDARD_BROADCAST_SEND, KEY_TYPE=60074, EXTRA_STATE=-1
2025-10-15 17:09:05.746 23937-23937 AmapBroadcastManager    com.example.cplink                   D  ğŸ“¦ å¹¿æ’­è¯¦æƒ…: action=AUTONAVI_STANDARD_BROADCAST_SEND, KEY_TYPE=12102, EXTRA_STATE=-1
2025-10-15 17:09:05.747 23937-23937 AmapBroadcastManager    com.example.cplink                   D  ğŸ“¦ å¹¿æ’­è¯¦æƒ…: action=AUTONAVI_STANDARD_BROADCAST_SEND, KEY_TYPE=10056, EXTRA_STATE=-1
2025-10-15 17:09:05.747 23937-23937 AmapBroadcastManager    com.example.cplink                   D  ğŸ“¦ å¹¿æ’­è¯¦æƒ…: action=AUTONAVI_STANDARD_BROADCAST_SEND, KEY_TYPE=10110, EXTRA_STATE=-1
2025-10-15 17:09:05.747 23937-26542 FloatingWindowService   com.example.cplink                   E  âŒ é€Ÿåº¦æ•°æ®æ£€æŸ¥å¼‚å¸¸: StandaloneCoroutine was cancelled
                                                                                                    kotlinx.coroutines.JobCancellationException: StandaloneCoroutine was cancelled; job=StandaloneCoroutine{Cancelling}@a97c25b
2025-10-15 17:09:05.748 23937-23937 FloatingWindowService   com.example.cplink                   I  â¹ï¸ åœæ­¢é€Ÿåº¦æ•°æ®æ£€æŸ¥
2025-10-15 17:09:05.748 23937-23937 FloatingWindowService   com.example.cplink                   D  ğŸ” æ‚¬æµ®çª—æœªæ˜¾ç¤ºæˆ–å·²éšè—ï¼Œè·³è¿‡éšè—æ“ä½œ
2025-10-15 17:09:05.748 23937-23937 FloatingWindowService   com.example.cplink                   I  ğŸ”§ æ‚¬æµ®çª—æœåŠ¡é”€æ¯
2025-10-15 17:09:05.829 23937-23937 ImeFocusController      com.example.cplink                   V  onWindowFocus: com.android.internal.policy.DecorView{503e31f V.E...... R....... 0,0-1080,2400 aid=0}[MainActivity] softInputMode=STATE_UNSPECIFIED|ADJUST_PAN|IS_FORWARD_NAVIGATION
2025-10-15 17:09:06.149 23937-23937 InteractionJankMonitor  com.example.cplink                   W  Initializing without READ_DEVICE_CONFIG permission. enabled=false, interval=1, missedFrameThreshold=3, frameTimeThreshold=64, package=com.example.cplink
2025-10-15 17:09:06.362 23937-26521 NetworkManager          com.example.cplink                   E  âŒ å‘é€æ¨¡å¼åˆ‡æ¢å¤±è´¥: failed to connect to /192.168.10.29 (port 8082) from /192.168.10.24 (port 47340) after 5000ms
                                                                                                    java.net.SocketTimeoutException: failed to connect to /192.168.10.29 (port 8082) from /192.168.10.24 (port 47340) after 5000ms
                                                                                                    	at libcore.io.IoBridge.connectErrno(IoBridge.java:235)
                                                                                                    	at libcore.io.IoBridge.connect(IoBridge.java:179)
                                                                                                    	at java.net.PlainSocketImpl.socketConnect(PlainSocketImpl.java:142)
                                                                                                    	at java.net.AbstractPlainSocketImpl.doConnect(AbstractPlainSocketImpl.java:433)
                                                                                                    	at java.net.AbstractPlainSocketImpl.connectToAddress(AbstractPlainSocketImpl.java:233)
                                                                                                    	at java.net.AbstractPlainSocketImpl.connect(AbstractPlainSocketImpl.java:215)
                                                                                                    	at java.net.SocksSocketImpl.connect(SocksSocketImpl.java:436)
                                                                                                    	at java.net.Socket.connect(Socket.java:655)
                                                                                                    	at com.android.okhttp.internal.Platform.connectSocket(Platform.java:182)
                                                                                                    	at com.android.okhttp.internal.io.RealConnection.connectSocket(RealConnection.java:145)
                                                                                                    	at com.android.okhttp.internal.io.RealConnection.connect(RealConnection.java:116)
                                                                                                    	at com.android.okhttp.internal.http.StreamAllocation.findConnection(StreamAllocation.java:186)
                                                                                                    	at com.android.okhttp.internal.http.StreamAllocation.findHealthyConnection(StreamAllocation.java:128)
                                                                                                    	at com.android.okhttp.internal.http.StreamAllocation.newStream(StreamAllocation.java:97)
                                                                                                    	at com.android.okhttp.internal.http.HttpEngine.connect(HttpEngine.java:289)
                                                                                                    	at com.android.okhttp.internal.http.HttpEngine.sendRequest(HttpEngine.java:232)
                                                                                                    	at com.android.okhttp.internal.huc.HttpURLConnectionImpl.execute(HttpURLConnectionImpl.java:465)
                                                                                                    	at com.android.okhttp.internal.huc.HttpURLConnectionImpl.connect(HttpURLConnectionImpl.java:131)
                                                                                                    	at com.android.okhttp.internal.huc.HttpURLConnectionImpl.getOutputStream(HttpURLConnectionImpl.java:262)
                                                                                                    	at com.example.carrotamap.NetworkManager$sendHttpPostRequest$2.invokeSuspend(NetworkManager.kt:674)
                                                                                                    	at com.example.carrotamap.NetworkManager$sendHttpPostRequest$2.invoke(Unknown Source:8)
                                                                                                    	at com.example.carrotamap.NetworkManager$sendHttpPostRequest$2.invoke(Unknown Source:4)
                                                                                                    	at kotlinx.coroutines.intrinsics.UndispatchedKt.startUndispatchedOrReturn(Undispatched.kt:78)
                                                                                                    	at kotlinx.coroutines.BuildersKt__Builders_commonKt.withContext(Builders.common.kt:167)
                                                                                                    	at kotlinx.coroutines.BuildersKt.withContext(Unknown Source:1)
                                                                                                    	at com.example.carrotamap.NetworkManager.sendHttpPostRequest(NetworkManager.kt:661)
                                                                                                    	at com.example.carrotamap.NetworkManager.access$sendHttpPostRequest(NetworkManager.kt:23)
                                                                                                    	at com.example.carrotamap.NetworkManager$sendModeChangeToComma3$2.invokeSuspend(NetworkManager.kt:500)
                                                                                                    	at kotlin.coroutines.jvm.internal.BaseContinuationImpl.resumeWith(ContinuationImpl.kt:33)
