---------------------------- PROCESS STARTED (31700) for package com.example.cplink ----------------------------
2025-10-30 12:52:38.122 31700-31700 nativeloader            com.example.cplink                   D  Configuring clns-7 for other apk /data/app/~~2fDgArZq7Q25uOoIpn8WRQ==/com.example.cplink-tiQ7D8Kw4UiLYnO5cTrqEg==/base.apk. target_sdk_version=35, uses_libraries=, library_path=/data/app/~~2fDgArZq7Q25uOoIpn8WRQ==/com.example.cplink-tiQ7D8Kw4UiLYnO5cTrqEg==/lib/arm64:/data/app/~~2fDgArZq7Q25uOoIpn8WRQ==/com.example.cplink-tiQ7D8Kw4UiLYnO5cTrqEg==/base.apk!/lib/arm64-v8a, permitted_path=/data:/mnt/expand:/data/user/0/com.example.cplink
2025-10-30 12:52:38.124 31700-31700 CompatChangeReporter    com.example.cplink                   D  Compat change id reported: 202956589; UID 10456; state: ENABLED
2025-10-30 12:52:38.147 31700-31700 GraphicsEnvironment     com.example.cplink                   V  Currently set values for:
2025-10-30 12:52:38.147 31700-31700 GraphicsEnvironment     com.example.cplink                   V    angle_gl_driver_selection_pkgs=[com.android.angle, com.linecorp.b612.android, com.campmobile.snow, com.google.android.apps.tachyon]
2025-10-30 12:52:38.147 31700-31700 GraphicsEnvironment     com.example.cplink                   V    angle_gl_driver_selection_values=[angle, native, native, native]
2025-10-30 12:52:38.147 31700-31700 GraphicsEnvironment     com.example.cplink                   V  com.example.cplink is not listed in per-application setting
2025-10-30 12:52:38.148 31700-31700 GraphicsEnvironment     com.example.cplink                   V  Updatable production driver is not supported on the device.
2025-10-30 12:52:38.176 31700-31700 CompatChangeReporter    com.example.cplink                   D  Compat change id reported: 279646685; UID 10456; state: ENABLED
2025-10-30 12:52:38.206 31700-32535 AdrenoGLES-0            com.example.cplink                   I  QUALCOMM build                   : 7867919300, Ibc171b9c87
                                                                                                    Build Date                       : 04/25/25
                                                                                                    OpenGL ES Shader Compiler Version: E031.41.03.62
                                                                                                    Local Branch                     : 
                                                                                                    Remote Branch                    : refs/tags/AU_LINUX_ANDROID_LA.VENDOR.13.2.0.11.00.00.856.062
                                                                                                    Remote Branch                    : NONE
                                                                                                    Reconstruct Branch               : NOTHING
2025-10-30 12:52:38.206 31700-32535 AdrenoGLES-0            com.example.cplink                   I  Build Config                     : S P 14.1.4 AArch64
2025-10-30 12:52:38.206 31700-32535 AdrenoGLES-0            com.example.cplink                   I  Driver Path                      : /vendor/lib64/egl/libGLESv2_adreno.so
2025-10-30 12:52:38.206 31700-32535 AdrenoGLES-0            com.example.cplink                   I  Driver Version                   : 0676.72
2025-10-30 12:52:38.213 31700-32535 AdrenoGLES-0            com.example.cplink                   I  PFP: 0x01200161, ME: 0x00000000
2025-10-30 12:52:38.241 31700-32535 AdrenoUtils             com.example.cplink                   I  <ReadGpuID:407>: Reading chip ID through GSL
2025-10-30 12:52:38.272 31700-31700 CompatChangeReporter    com.example.cplink                   D  Compat change id reported: 309578419; UID 10456; state: ENABLED
2025-10-30 12:52:38.297 31700-31700 MainActivity            com.example.cplink                   I  ğŸš€ MainActivityå¯åŠ¨ - åè°ƒå™¨æ¨¡å¼
2025-10-30 12:52:38.297 31700-31700 MainActivity            com.example.cplink                   I  ğŸ”§ åˆå§‹åŒ–æ ¸å¿ƒç»„ä»¶...
2025-10-30 12:52:38.368 31700-31700 MainActivity            com.example.cplink                   I  âœ… MainActivityCoreåˆå§‹åŒ–å®Œæˆ
2025-10-30 12:52:38.375 31700-31700 MainActivity            com.example.cplink                   I  âœ… MainActivityUIåˆå§‹åŒ–å®Œæˆ
2025-10-30 12:52:38.376 31700-31700 MainActivity            com.example.cplink                   I  âœ… MainActivityLifecycleåˆå§‹åŒ–å®Œæˆ
2025-10-30 12:52:38.377 31700-31700 MainActivity            com.example.cplink                   I  ğŸ‰ æ‰€æœ‰æ ¸å¿ƒç»„ä»¶åˆå§‹åŒ–å®Œæˆ
2025-10-30 12:52:38.384 31700-31700 MainActivity            com.example.cplink                   I  ğŸ”† å·²è®¾ç½®å±å¹•å¸¸äº®
2025-10-30 12:52:38.386 31700-31700 MainActivity            com.example.cplink                   I  ğŸ”‹ å·²å¿½ç•¥ç”µæ± ä¼˜åŒ–
2025-10-30 12:52:38.387 31700-31700 MainActivity            com.example.cplink                   I  ğŸ”” å·²æœ‰é€šçŸ¥æƒé™
2025-10-30 12:52:38.387 31700-31700 MainActivity            com.example.cplink                   I  ğŸ”” å¯åŠ¨å‰å°æœåŠ¡...
2025-10-30 12:52:38.391 31700-31700 MainActivity            com.example.cplink                   I  âœ… å‰å°æœåŠ¡å¯åŠ¨æˆåŠŸ
2025-10-30 12:52:38.391 31700-31700 MainActivity            com.example.cplink                   I  ğŸš€ MainActivityæ­£åœ¨å¯åŠ¨...
2025-10-30 12:52:38.391 31700-31700 MainActivity            com.example.cplink                   I  ğŸ” æ—©æœŸåˆå§‹åŒ–æƒé™ç®¡ç†å™¨...
2025-10-30 12:52:38.395 31700-31700 PermissionManager       com.example.cplink                   I  ğŸ” åˆå§‹åŒ–æƒé™ç®¡ç†å™¨...
2025-10-30 12:52:38.396 31700-31700 PermissionManager       com.example.cplink                   I  âœ… æƒé™ç®¡ç†å™¨åˆå§‹åŒ–å®Œæˆ
2025-10-30 12:52:38.396 31700-31700 MainActivity            com.example.cplink                   I  âœ… æƒé™ç®¡ç†å™¨æ—©æœŸåˆå§‹åŒ–æˆåŠŸ
2025-10-30 12:52:38.396 31700-31700 MainActivity            com.example.cplink                   I  ğŸ¨ ç”¨æˆ·ç•Œé¢è®¾ç½®å·²å§”æ‰˜ç»™MainActivityUI
2025-10-30 12:52:38.407 31700-31700 MainActivity            com.example.cplink                   I  ğŸ“Š å†…å­˜ç›‘æ§å·²å¯åŠ¨ï¼ˆä¼˜åŒ–ç‰ˆï¼š60ç§’é—´éš”ï¼‰
2025-10-30 12:52:38.407 31700-32544 MainActivity            com.example.cplink                   I  ğŸš€ å¼€å§‹å¼‚æ­¥è‡ªæ£€æŸ¥æµç¨‹...
2025-10-30 12:52:38.408 31700-31700 MainActivity            com.example.cplink                   I  âœ… æ§åˆ¶æŒ‡ä»¤å¹¿æ’­æ¥æ”¶å™¨å·²æ³¨å†Œï¼ˆåŒ…å«æ¨¡å¼åˆ‡æ¢ï¼‰
2025-10-30 12:52:38.408 31700-31700 MainActivity            com.example.cplink                   I  âœ… MainActivityå¯åŠ¨å®Œæˆ
2025-10-30 12:52:38.432 31700-31700 MainActivity            com.example.cplink                   I  â–¶ï¸ Activityæ¢å¤
2025-10-30 12:52:38.432 31700-31700 MainActivity            com.example.cplink                   D  ğŸ“ networkManageræœªåˆå§‹åŒ–ï¼Œè·³è¿‡å‰å°çŠ¶æ€è®¾ç½®
2025-10-30 12:52:38.432 31700-31700 MainActivity            com.example.cplink                   D  ğŸ“ deviceManageræœªåˆå§‹åŒ–ï¼Œè·³è¿‡ä½¿ç”¨ç»Ÿè®¡æ›´æ–°
2025-10-30 12:52:38.439 31700-31700 CompatChangeReporter    com.example.cplink                   D  Compat change id reported: 352594277; UID 10456; state: ENABLED
2025-10-30 12:52:38.448 31700-31700 libc                    com.example.cplink                   W  Access denied finding property "persist.vivo.ltw.enabled"
2025-10-30 12:52:38.445 31700-31700 .example.cplink         com.example.cplink                   W  type=1400 audit(0.0:3577006): avc:  denied  { read } for  name="u:object_r:microsoft_ltw_prop:s0" dev="tmpfs" ino=311 scontext=u:r:untrusted_app:s0:c200,c257,c512,c768 tcontext=u:object_r:microsoft_ltw_prop:s0 tclass=file permissive=0 app=com.example.cplink
2025-10-30 12:52:38.931 31700-31700 ViewRootImpl            com.example.cplink                   D  AppSizeAfterRelayout, size: Point(1080, 2400), rotation: ROTATION_0
2025-10-30 12:52:38.935 31700-31700 libc                    com.example.cplink                   W  Access denied finding property "vendor.display.enable_optimal_refresh_rate"
2025-10-30 12:52:39.097 31700-31700 CarrotAmap...undService com.example.cplink                   I  ğŸ”§ å‰å°æœåŠ¡åˆ›å»º
2025-10-30 12:52:39.099 31700-31700 CarrotAmap...undService com.example.cplink                   I  ğŸ“¢ é€šçŸ¥æ¸ é“å·²åˆ›å»º
2025-10-30 12:52:39.099 31700-32505 .example.cplink         com.example.cplink                   I  Compiler allocated 8198KB to compile void android.view.ViewRootImpl.performTraversals()
2025-10-30 12:52:39.099 31700-31700 CarrotAmap...undService com.example.cplink                   I  âœ… å‰å°æœåŠ¡åˆå§‹åŒ–å®Œæˆ
2025-10-30 12:52:39.099 31700-31700 CarrotAmap...undService com.example.cplink                   I  ğŸš€ å‰å°æœåŠ¡å¯åŠ¨å‘½ä»¤
2025-10-30 12:52:39.099 31700-31700 CarrotAmap...undService com.example.cplink                   I  ğŸ”” å¯åŠ¨å‰å°æœåŠ¡
2025-10-30 12:52:39.105 31700-31700 CarrotAmap...undService com.example.cplink                   I  âœ… å‰å°æœåŠ¡å·²å¯åŠ¨
2025-10-30 12:52:39.106 31700-31700 MainActivity            com.example.cplink                   I  ğŸ” è‡ªæ£€æŸ¥: ç½‘ç»œç®¡ç†å™¨ - æ­£åœ¨åˆå§‹åŒ–...
2025-10-30 12:52:39.109 31700-32544 MainActivity            com.example.cplink                   I  ğŸŒ åˆå§‹åŒ–ç½‘ç»œç®¡ç†å™¨ï¼ˆå»¶è¿Ÿå¯åŠ¨ç½‘ç»œæœåŠ¡ï¼‰...
2025-10-30 12:52:39.114 31700-32544 MainActivity            com.example.cplink                   I  ğŸ” ç½‘ç»œçŠ¶æ€ç›‘æ§å·²å¯åŠ¨
2025-10-30 12:52:39.114 31700-32544 MainActivity            com.example.cplink                   I  âœ… ç½‘ç»œç®¡ç†å™¨åˆå§‹åŒ–æˆåŠŸï¼ˆç½‘ç»œæœåŠ¡å¾…å¯åŠ¨ï¼‰
2025-10-30 12:52:39.163 31700-31700 ImeFocusController      com.example.cplink                   V  onWindowFocus: com.android.internal.policy.DecorView{1321e25 V.E...... R......D 0,0-1080,2400}[MainActivity] softInputMode=STATE_UNSPECIFIED|ADJUST_PAN|IS_FORWARD_NAVIGATION
2025-10-30 12:52:39.166 31700-31700 MainActivity            com.example.cplink                   D  ğŸŒ ç½‘ç»œçŠ¶æ€ç›‘æ§: æœªè¿æ¥, è®¾å¤‡: 
2025-10-30 12:52:39.167 31700-31700 MainActivity            com.example.cplink                   I  ğŸ” è‡ªæ£€æŸ¥: ç½‘ç»œç®¡ç†å™¨ - åˆå§‹åŒ–å®Œæˆ
2025-10-30 12:52:39.361 31700-31700 MainActivity            com.example.cplink                   I  ğŸ” è‡ªæ£€æŸ¥: ç½‘ç»œæœåŠ¡ - æ­£åœ¨å¯åŠ¨...
2025-10-30 12:52:39.361 31700-32547 MainActivity            com.example.cplink                   I  ğŸŒ å¯åŠ¨ç½‘ç»œæœåŠ¡...
2025-10-30 12:52:39.361 31700-32547 NetworkManager          com.example.cplink                   I  ğŸŒ åˆå§‹åŒ–CarrotManç½‘ç»œå®¢æˆ·ç«¯...
2025-10-30 12:52:39.364 31700-32547 CarrotManNetwork        com.example.cplink                   I  å¯åŠ¨ CarrotMan ç½‘ç»œå®¢æˆ·ç«¯æœåŠ¡
2025-10-30 12:52:39.367 31700-32547 CarrotManNetwork        com.example.cplink                   I  ğŸ“± æ‰‹æœºIPåœ°å€: 192.168.31.103
2025-10-30 12:52:39.367 31700-32547 TrafficStats            com.example.cplink                   D  tagSocket(144) with statsTag=0xffffffff, statsUid=-1
2025-10-30 12:52:39.368 31700-32547 TrafficStats            com.example.cplink                   D  tagSocket(148) with statsTag=0xffffffff, statsUid=-1
2025-10-30 12:52:39.369 31700-32544 CarrotManNetwork        com.example.cplink                   I  âœ… å¯åŠ¨è®¾å¤‡å¹¿æ’­ç›‘å¬æœåŠ¡ - ç«¯å£: 7705
2025-10-30 12:52:39.370 31700-32545 CarrotManNetwork        com.example.cplink                   I  å¯åŠ¨è®¾å¤‡å¥åº·æ£€æŸ¥æœåŠ¡ï¼Œæ£€æŸ¥é—´éš”: 2000ms
2025-10-30 12:52:39.371 31700-32547 CarrotManNetwork        com.example.cplink                   I  CarrotMan ç½‘ç»œæœåŠ¡å¯åŠ¨æˆåŠŸ
2025-10-30 12:52:39.371 31700-32547 CarrotManNetwork        com.example.cplink                   I  ğŸ“¡ å¯åŠ¨è‡ªåŠ¨æ•°æ®å‘é€ä»»åŠ¡(å®¢æˆ·ç«¯)â€¦
2025-10-30 12:52:39.371 31700-32545 CarrotManNetwork        com.example.cplink                   I  ğŸ’“ å¯åŠ¨å¿ƒè·³ä»»åŠ¡
2025-10-30 12:52:39.373 31700-32547 NetworkManager          com.example.cplink                   I  ğŸ”„ ç½‘ç»œçŠ¶æ€å®šæœŸæ›´æ–°å·²å¯åŠ¨
2025-10-30 12:52:39.373 31700-32547 NetworkManager          com.example.cplink                   I  âœ… CarrotManç½‘ç»œå®¢æˆ·ç«¯åˆå§‹åŒ–æˆåŠŸ
2025-10-30 12:52:39.373 31700-32547 MainActivity            com.example.cplink                   I  âœ… ç½‘ç»œæœåŠ¡å¯åŠ¨æˆåŠŸ
2025-10-30 12:52:39.373 31700-32579 CarrotManNetwork        com.example.cplink                   W  âš ï¸ å‘é€CarrotManæ•°æ® - æœåŠ¡æœªè¿è¡Œæˆ–æ— è¿æ¥è®¾å¤‡
2025-10-30 12:52:39.374 31700-32579 CarrotManNetwork        com.example.cplink                   D  çŠ¶æ€æ£€æŸ¥ - è¿è¡ŒçŠ¶æ€: true, è¿æ¥è®¾å¤‡: null
2025-10-30 12:52:39.406 31700-31700 NetworkManager          com.example.cplink                   I  ğŸŒ ç½‘ç»œçŠ¶æ€å˜åŒ–: connected=false, device=
2025-10-30 12:52:39.406 31700-31700 NetworkManager          com.example.cplink                   I  ğŸŒ ç½‘ç»œçŠ¶æ€å˜åŒ–: connected=false, device=
2025-10-30 12:52:39.407 31700-31700 MainActivity            com.example.cplink                   I  ğŸ” è‡ªæ£€æŸ¥: ç½‘ç»œæœåŠ¡ - å¯åŠ¨å®Œæˆ
2025-10-30 12:52:39.513 31700-32544 CarrotManNetwork        com.example.cplink                   I  ğŸ”„ æ›´æ–°çŠ¶æ€: å‘ç°è®¾å¤‡ 192.168.31.111ï¼Œæ­£åœ¨è¿æ¥...
2025-10-30 12:52:39.514 31700-32544 CarrotManNetwork        com.example.cplink                   D  ç½‘ç»œçŠ¶æ€å·²ä¿å­˜: running=true, device=192.168.31.111:7706 (vopenpilot) [?]
2025-10-30 12:52:39.514 31700-32544 CarrotManNetwork        com.example.cplink                   I  ğŸ‰ è®¾å¤‡è¿æ¥å»ºç«‹æˆåŠŸ: 192.168.31.111
2025-10-30 12:52:39.515 31700-32544 CarrotManNetwork        com.example.cplink                   I  âœ… å¯åŠ¨æ•°æ®ä¼ è¾“ä»»åŠ¡ - è®¾å¤‡: 192.168.31.111
2025-10-30 12:52:39.600 31700-31700 MainActivity            com.example.cplink                   I  ğŸ” è‡ªæ£€æŸ¥: ä½ç½®ä¼ æ„Ÿå™¨ç®¡ç†å™¨ - æ­£åœ¨åˆå§‹åŒ–...
2025-10-30 12:52:39.605 31700-31700 NetworkManager          com.example.cplink                   I  ğŸ¯ å‘ç°Comma3è®¾å¤‡: 192.168.31.111:7706 (vopenpilot) [?]
2025-10-30 12:52:39.605 31700-31700 NetworkManager          com.example.cplink                   I  ğŸŒ ç½‘ç»œçŠ¶æ€å˜åŒ–: connected=false, device=
2025-10-30 12:52:39.605 31700-31700 NetworkManager          com.example.cplink                   I  ğŸŒ ç½‘ç»œçŠ¶æ€å˜åŒ–: connected=true, device=192.168.31.111:7706 (vopenpilot) [?]
2025-10-30 12:52:39.609 31700-31700 MainActivity            com.example.cplink                   I  ğŸ§­ åˆå§‹åŒ–ä½ç½®å’Œä¼ æ„Ÿå™¨ç®¡ç†å™¨...
2025-10-30 12:52:39.609 31700-31700 LocationSensorManager   com.example.cplink                   I  ğŸ§­ åˆå§‹åŒ–ä¼ æ„Ÿå™¨ç³»ç»Ÿ...
2025-10-30 12:52:39.626 31700-31700 LocationSensorManager   com.example.cplink                   I  âœ… ä¼ æ„Ÿå™¨ç³»ç»Ÿåˆå§‹åŒ–å®Œæˆ
2025-10-30 12:52:39.626 31700-31700 MainActivity            com.example.cplink                   I  ğŸ“ æ­£åœ¨å¯åŠ¨GPSä½ç½®æ›´æ–°æœåŠ¡...
2025-10-30 12:52:39.626 31700-31700 LocationSensorManager   com.example.cplink                   I  ğŸ“ å¯åŠ¨GPSä½ç½®æ›´æ–°æœåŠ¡...
2025-10-30 12:52:39.626 31700-31700 LocationSensorManager   com.example.cplink                   I  ğŸ” æ£€æŸ¥ä½ç½®æä¾›è€…çŠ¶æ€:
2025-10-30 12:52:39.627 31700-31700 LocationSensorManager   com.example.cplink                   I    ğŸ“¡ GPSæä¾›è€…: âœ… å¯ç”¨
2025-10-30 12:52:39.627 31700-31700 LocationSensorManager   com.example.cplink                   I    ğŸŒ ç½‘ç»œæä¾›è€…: âœ… å¯ç”¨
2025-10-30 12:52:39.627 31700-31700 LocationSensorManager   com.example.cplink                   I    ğŸ“± è¢«åŠ¨æä¾›è€…: âœ… å¯ç”¨
2025-10-30 12:52:39.627 31700-31700 LocationSensorManager   com.example.cplink                   I    ğŸ“‹ æ‰€æœ‰æä¾›è€…: [passive, network, fused, gps]
2025-10-30 12:52:39.628 31700-31700 LocationSensorManager   com.example.cplink                   I    âœ… å¯ç”¨çš„æä¾›è€…: [passive, network, fused, gps]
2025-10-30 12:52:39.636 31700-31700 LocationSensorManager   com.example.cplink                   I  âœ… GPSå®šä½å·²å¯åŠ¨ (æœ€é«˜ç²¾åº¦æ¨¡å¼: 0.1s/0.0mï¼Œå¼ºåˆ¶åå°å®æ—¶)
2025-10-30 12:52:39.640 31700-31700 LocationSensorManager   com.example.cplink                   I  âœ… ç½‘ç»œå®šä½å·²å¯åŠ¨ (ä¼˜åŒ–æ¨¡å¼: 1s/2m)
2025-10-30 12:52:39.640 31700-31700 LocationSensorManager   com.example.cplink                   I  âœ… ä½ç½®æ›´æ–°æœåŠ¡å¯åŠ¨å®Œæˆ
2025-10-30 12:52:39.652 31700-31700 LocationSensorManager   com.example.cplink                   I  ğŸ¯ ä½¿ç”¨æœ€åå·²çŸ¥ä½ç½®è¿›è¡Œç«‹å³æ›´æ–°:
2025-10-30 12:52:39.653 31700-31700 LocationSensorManager   com.example.cplink                   I    ğŸ“ åæ ‡: lat=31.203731, lon=120.628076
2025-10-30 12:52:39.653 31700-31700 LocationSensorManager   com.example.cplink                   I    ğŸ“¡ ç²¾åº¦: 49.3m
2025-10-30 12:52:39.653 31700-31700 LocationSensorManager   com.example.cplink                   I    ğŸ”§ æä¾›è€…: network
2025-10-30 12:52:39.653 31700-31700 LocationSensorManager   com.example.cplink                   I    â° æ—¶é—´: 3038mså‰
2025-10-30 12:52:39.653 31700-31700 LocationSensorManager   com.example.cplink                   I  ğŸŒ GPSä½ç½®æ›´æ–°æ¥æ”¶:
2025-10-30 12:52:39.654 31700-31700 LocationSensorManager   com.example.cplink                   I    ğŸ“ åæ ‡: lat=31.203731, lon=120.628076
2025-10-30 12:52:39.654 31700-31700 LocationSensorManager   com.example.cplink                   I    ğŸš€ é€Ÿåº¦: æ— é€Ÿåº¦æ•°æ®
2025-10-30 12:52:39.654 31700-31700 LocationSensorManager   com.example.cplink                   I    ğŸ§­ æ–¹å‘: æ— æ–¹å‘æ•°æ®
2025-10-30 12:52:39.654 31700-31700 LocationSensorManager   com.example.cplink                   I    ğŸ“¡ ç²¾åº¦: 49.3m
2025-10-30 12:52:39.654 31700-31700 LocationSensorManager   com.example.cplink                   I    ğŸ”§ æä¾›è€…: network
2025-10-30 12:52:39.654 31700-31700 LocationSensorManager   com.example.cplink                   I    â° æ—¶é—´: 3039mså‰
2025-10-30 12:52:39.654 31700-31700 LocationSensorManager   com.example.cplink                   I  âœ… GPSå­—æ®µæ›´æ–°å®Œæˆ (å®æ—¶æ€§ä¼˜åŒ–):
2025-10-30 12:52:39.654 31700-31700 LocationSensorManager   com.example.cplink                   D    ğŸ“ åæ ‡: lat=31.203731, lon=120.628076
2025-10-30 12:52:39.654 31700-31700 LocationSensorManager   com.example.cplink                   D    ğŸš€ é€Ÿåº¦: æ— é€Ÿåº¦æ•°æ®
2025-10-30 12:52:39.654 31700-31700 LocationSensorManager   com.example.cplink                   D    ğŸ§­ æ–¹å‘: æ— æ–¹å‘æ•°æ®
2025-10-30 12:52:39.654 31700-31700 LocationSensorManager   com.example.cplink                   D    ğŸ“¡ ç²¾åº¦: 49.3m
2025-10-30 12:52:39.654 31700-31700 LocationSensorManager   com.example.cplink                   D    ğŸ”§ æä¾›è€…: network
2025-10-30 12:52:39.654 31700-31700 LocationSensorManager   com.example.cplink                   D    â° æ•°æ®å¹´é¾„: 3038ms
2025-10-30 12:52:39.654 31700-31700 LocationSensorManager   com.example.cplink                   D    ğŸ¯ å®æ—¶æ€§: ä¸€èˆ¬
2025-10-30 12:52:39.654 31700-31700 LocationSensorManager   com.example.cplink                   V  ğŸ” éªŒè¯GPSå­—æ®µåŒæ­¥:
2025-10-30 12:52:39.654 31700-31700 LocationSensorManager   com.example.cplink                   V    vpPosPointLat: 31.203731
2025-10-30 12:52:39.654 31700-31700 LocationSensorManager   com.example.cplink                   V    vpPosPointLon: 120.628076
2025-10-30 12:52:39.654 31700-31700 LocationSensorManager   com.example.cplink                   V    latitude: 31.203731
2025-10-30 12:52:39.655 31700-31700 LocationSensorManager   com.example.cplink                   V    longitude: 120.628076
2025-10-30 12:52:39.655 31700-31700 MainActivity            com.example.cplink                   I  âœ… ä½ç½®å’Œä¼ æ„Ÿå™¨ç®¡ç†å™¨åˆå§‹åŒ–æˆåŠŸï¼ˆGPSå·²å¯åŠ¨ï¼‰
2025-10-30 12:52:39.709 31700-31700 LocationSensorManager   com.example.cplink                   D  ä¼ æ„Ÿå™¨ç²¾åº¦å˜åŒ–: rotation_vector  Non-wakeup -> 3
2025-10-30 12:52:39.710 31700-31700 LocationSensorManager   com.example.cplink                   D  ä¼ æ„Ÿå™¨ç²¾åº¦å˜åŒ–: mxg4300  Non-wakeup -> 3
2025-10-30 12:52:39.763 31700-31700 LocationSensorManager   com.example.cplink                   I  ğŸŒ GPSä½ç½®æ›´æ–°æ¥æ”¶:
2025-10-30 12:52:39.763 31700-31700 LocationSensorManager   com.example.cplink                   I    ğŸ“ åæ ‡: lat=31.203731, lon=120.628076
2025-10-30 12:52:39.763 31700-31700 LocationSensorManager   com.example.cplink                   I    ğŸš€ é€Ÿåº¦: æ— é€Ÿåº¦æ•°æ®
2025-10-30 12:52:39.763 31700-31700 LocationSensorManager   com.example.cplink                   I    ğŸ§­ æ–¹å‘: æ— æ–¹å‘æ•°æ®
2025-10-30 12:52:39.763 31700-31700 LocationSensorManager   com.example.cplink                   I    ğŸ“¡ ç²¾åº¦: 49.3m
2025-10-30 12:52:39.763 31700-31700 LocationSensorManager   com.example.cplink                   I    ğŸ”§ æä¾›è€…: network
2025-10-30 12:52:39.763 31700-31700 LocationSensorManager   com.example.cplink                   I    â° æ—¶é—´: 3148mså‰
2025-10-30 12:52:39.764 31700-31700 LocationSensorManager   com.example.cplink                   I  âœ… GPSå­—æ®µæ›´æ–°å®Œæˆ (å®æ—¶æ€§ä¼˜åŒ–):
2025-10-30 12:52:39.764 31700-31700 LocationSensorManager   com.example.cplink                   D    ğŸ“ åæ ‡: lat=31.203731, lon=120.628076
2025-10-30 12:52:39.764 31700-31700 LocationSensorManager   com.example.cplink                   D    ğŸš€ é€Ÿåº¦: æ— é€Ÿåº¦æ•°æ®
2025-10-30 12:52:39.764 31700-31700 LocationSensorManager   com.example.cplink                   D    ğŸ§­ æ–¹å‘: æ— æ–¹å‘æ•°æ®
2025-10-30 12:52:39.764 31700-31700 LocationSensorManager   com.example.cplink                   D    ğŸ“¡ ç²¾åº¦: 49.3m
2025-10-30 12:52:39.764 31700-31700 LocationSensorManager   com.example.cplink                   D    ğŸ”§ æä¾›è€…: network
2025-10-30 12:52:39.764 31700-31700 LocationSensorManager   com.example.cplink                   D    â° æ•°æ®å¹´é¾„: 3148ms
2025-10-30 12:52:39.764 31700-31700 LocationSensorManager   com.example.cplink                   D    ğŸ¯ å®æ—¶æ€§: ä¸€èˆ¬
2025-10-30 12:52:39.764 31700-31700 LocationSensorManager   com.example.cplink                   V  ğŸ” éªŒè¯GPSå­—æ®µåŒæ­¥:
2025-10-30 12:52:39.764 31700-31700 LocationSensorManager   com.example.cplink                   V    vpPosPointLat: 31.203731
2025-10-30 12:52:39.764 31700-31700 LocationSensorManager   com.example.cplink                   V    vpPosPointLon: 120.628076
2025-10-30 12:52:39.764 31700-31700 LocationSensorManager   com.example.cplink                   V    latitude: 31.203731
2025-10-30 12:52:39.764 31700-31700 LocationSensorManager   com.example.cplink                   V    longitude: 120.628076
2025-10-30 12:52:39.764 31700-31700 MainActivity            com.example.cplink                   I  ğŸ” è‡ªæ£€æŸ¥: ä½ç½®ä¼ æ„Ÿå™¨ç®¡ç†å™¨ - åˆå§‹åŒ–å®Œæˆ
2025-10-30 12:52:39.836 31700-31700 LocationSensorManager   com.example.cplink                   D  ä¼ æ„Ÿå™¨ç²¾åº¦å˜åŒ–: lsm6dsox Accelerometer Non-wakeup -> 3
2025-10-30 12:52:39.849 31700-32519 ActivityThread          com.example.cplink                   V  updateVmProcessStateForGc sceneId =1 state=196608
2025-10-30 12:52:39.849 31700-32519 .example.cplink         com.example.cplink                   I  Close vivo delay for GC JIT .
2025-10-30 12:52:39.866 31700-31700 MainActivity            com.example.cplink                   I  ğŸ” è‡ªæ£€æŸ¥: æƒé™ç®¡ç†å™¨ - æ­£åœ¨åˆå§‹åŒ–...
2025-10-30 12:52:39.890 31700-31700 MainActivity            com.example.cplink                   I  ğŸ” åˆå§‹åŒ–æƒé™ç®¡ç†å™¨...
2025-10-30 12:52:39.890 31700-31700 PermissionManager       com.example.cplink                   I  âœ… LocationSensorManagerå¼•ç”¨å·²æ›´æ–°
2025-10-30 12:52:39.890 31700-31700 MainActivity            com.example.cplink                   I  âœ… æƒé™ç®¡ç†å™¨å¼•ç”¨æ›´æ–°æˆåŠŸ
2025-10-30 12:52:39.890 31700-31700 MainActivity            com.example.cplink                   I  ğŸŒ¡ï¸ å¼€å§‹GPSé¢„çƒ­...
2025-10-30 12:52:39.890 31700-31700 LocationSensorManager   com.example.cplink                   I  ğŸŒ¡ï¸ å¯åŠ¨GPSé¢„çƒ­...
2025-10-30 12:52:39.895 31700-31700 LocationSensorManager   com.example.cplink                   I  âœ… GPSé¢„çƒ­å·²å¯åŠ¨
2025-10-30 12:52:39.895 31700-31700 MainActivity            com.example.cplink                   I  âœ… GPSé¢„çƒ­å·²å¯åŠ¨
2025-10-30 12:52:39.942 31700-31700 MainActivity            com.example.cplink                   I  ğŸ” è‡ªæ£€æŸ¥: æƒé™ç®¡ç†å™¨ - åˆå§‹åŒ–å®Œæˆ
2025-10-30 12:52:40.046 31700-31700 MainActivity            com.example.cplink                   I  ğŸ” è‡ªæ£€æŸ¥: æƒé™å’Œä½ç½®æœåŠ¡ - æ­£åœ¨è®¾ç½®...
2025-10-30 12:52:40.048 31700-31700 PermissionManager       com.example.cplink                   I  ğŸ§  å¼€å§‹æ™ºèƒ½æƒé™è¯·æ±‚...
2025-10-30 12:52:40.050 31700-31700 PermissionManager       com.example.cplink                   I  ğŸ“Š æ ¸å¿ƒæƒé™çŠ¶æ€: 5/5 å·²æˆäºˆ
2025-10-30 12:52:40.050 31700-31700 PermissionManager       com.example.cplink                   I  âœ… æ ¸å¿ƒæƒé™å·²å…¨éƒ¨æˆäºˆï¼Œå¯åŠ¨GPSåŠŸèƒ½
2025-10-30 12:52:40.050 31700-31700 LocationSensorManager   com.example.cplink                   I  ğŸ“ å¯åŠ¨GPSä½ç½®æ›´æ–°æœåŠ¡...
2025-10-30 12:52:40.050 31700-31700 LocationSensorManager   com.example.cplink                   I  ğŸ” æ£€æŸ¥ä½ç½®æä¾›è€…çŠ¶æ€:
2025-10-30 12:52:40.050 31700-31700 LocationSensorManager   com.example.cplink                   I    ğŸ“¡ GPSæä¾›è€…: âœ… å¯ç”¨
2025-10-30 12:52:40.050 31700-31700 LocationSensorManager   com.example.cplink                   I    ğŸŒ ç½‘ç»œæä¾›è€…: âœ… å¯ç”¨
2025-10-30 12:52:40.051 31700-31700 LocationSensorManager   com.example.cplink                   I    ğŸ“± è¢«åŠ¨æä¾›è€…: âœ… å¯ç”¨
2025-10-30 12:52:40.051 31700-31700 LocationSensorManager   com.example.cplink                   I    ğŸ“‹ æ‰€æœ‰æä¾›è€…: [passive, network, fused, gps]
2025-10-30 12:52:40.051 31700-31700 LocationSensorManager   com.example.cplink                   I    âœ… å¯ç”¨çš„æä¾›è€…: [passive, network, fused, gps]
2025-10-30 12:52:40.055 31700-31700 LocationSensorManager   com.example.cplink                   I  âœ… GPSå®šä½å·²å¯åŠ¨ (æœ€é«˜ç²¾åº¦æ¨¡å¼: 0.1s/0.0mï¼Œå¼ºåˆ¶åå°å®æ—¶)
2025-10-30 12:52:40.058 31700-31700 LocationSensorManager   com.example.cplink                   I  âœ… ç½‘ç»œå®šä½å·²å¯åŠ¨ (ä¼˜åŒ–æ¨¡å¼: 1s/2m)
2025-10-30 12:52:40.058 31700-31700 LocationSensorManager   com.example.cplink                   I  âœ… ä½ç½®æ›´æ–°æœåŠ¡å¯åŠ¨å®Œæˆ
2025-10-30 12:52:40.062 31700-31700 LocationSensorManager   com.example.cplink                   I  ğŸ¯ ä½¿ç”¨æœ€åå·²çŸ¥ä½ç½®è¿›è¡Œç«‹å³æ›´æ–°:
2025-10-30 12:52:40.062 31700-31700 LocationSensorManager   com.example.cplink                   I    ğŸ“ åæ ‡: lat=31.203731, lon=120.628076
2025-10-30 12:52:40.062 31700-31700 LocationSensorManager   com.example.cplink                   I    ğŸ“¡ ç²¾åº¦: 49.3m
2025-10-30 12:52:40.062 31700-31700 LocationSensorManager   com.example.cplink                   I    ğŸ”§ æä¾›è€…: network
2025-10-30 12:52:40.062 31700-31700 LocationSensorManager   com.example.cplink                   I    â° æ—¶é—´: 3447mså‰
2025-10-30 12:52:40.062 31700-31700 LocationSensorManager   com.example.cplink                   I  ğŸŒ GPSä½ç½®æ›´æ–°æ¥æ”¶:
2025-10-30 12:52:40.063 31700-31700 LocationSensorManager   com.example.cplink                   I    ğŸ“ åæ ‡: lat=31.203731, lon=120.628076
2025-10-30 12:52:40.063 31700-31700 LocationSensorManager   com.example.cplink                   I    ğŸš€ é€Ÿåº¦: æ— é€Ÿåº¦æ•°æ®
2025-10-30 12:52:40.063 31700-31700 LocationSensorManager   com.example.cplink                   I    ğŸ§­ æ–¹å‘: æ— æ–¹å‘æ•°æ®
2025-10-30 12:52:40.063 31700-31700 LocationSensorManager   com.example.cplink                   I    ğŸ“¡ ç²¾åº¦: 49.3m
2025-10-30 12:52:40.063 31700-31700 LocationSensorManager   com.example.cplink                   I    ğŸ”§ æä¾›è€…: network
2025-10-30 12:52:40.063 31700-31700 LocationSensorManager   com.example.cplink                   I    â° æ—¶é—´: 3448mså‰
2025-10-30 12:52:40.063 31700-31700 LocationSensorManager   com.example.cplink                   I  âœ… GPSå­—æ®µæ›´æ–°å®Œæˆ (å®æ—¶æ€§ä¼˜åŒ–):
2025-10-30 12:52:40.063 31700-31700 LocationSensorManager   com.example.cplink                   D    ğŸ“ åæ ‡: lat=31.203731, lon=120.628076
2025-10-30 12:52:40.063 31700-31700 LocationSensorManager   com.example.cplink                   D    ğŸš€ é€Ÿåº¦: æ— é€Ÿåº¦æ•°æ®
2025-10-30 12:52:40.063 31700-31700 LocationSensorManager   com.example.cplink                   D    ğŸ§­ æ–¹å‘: æ— æ–¹å‘æ•°æ®
2025-10-30 12:52:40.063 31700-31700 LocationSensorManager   com.example.cplink                   D    ğŸ“¡ ç²¾åº¦: 49.3m
2025-10-30 12:52:40.063 31700-31700 LocationSensorManager   com.example.cplink                   D    ğŸ”§ æä¾›è€…: network
2025-10-30 12:52:40.063 31700-31700 LocationSensorManager   com.example.cplink                   D    â° æ•°æ®å¹´é¾„: 3447ms
2025-10-30 12:52:40.063 31700-31700 LocationSensorManager   com.example.cplink                   D    ğŸ¯ å®æ—¶æ€§: ä¸€èˆ¬
2025-10-30 12:52:40.063 31700-31700 LocationSensorManager   com.example.cplink                   V  ğŸ” éªŒè¯GPSå­—æ®µåŒæ­¥:
2025-10-30 12:52:40.063 31700-31700 LocationSensorManager   com.example.cplink                   V    vpPosPointLat: 31.203731
2025-10-30 12:52:40.063 31700-31700 LocationSensorManager   com.example.cplink                   V    vpPosPointLon: 120.628076
2025-10-30 12:52:40.063 31700-31700 LocationSensorManager   com.example.cplink                   V    latitude: 31.203731
2025-10-30 12:52:40.063 31700-31700 LocationSensorManager   com.example.cplink                   V    longitude: 120.628076
2025-10-30 12:52:40.063 31700-31700 PermissionManager       com.example.cplink                   I  ğŸ“¡ å¯åŠ¨GPSçŠ¶æ€ç›‘æ§...
2025-10-30 12:52:40.064 31700-31700 PermissionManager       com.example.cplink                   I  ğŸ“ è¯·æ±‚å¯é€‰æƒé™ä»¥è·å¾—å®Œæ•´åŠŸèƒ½
2025-10-30 12:52:40.080 31700-31700 MainActivity            com.example.cplink                   I  ğŸ“‹ æƒé™çŠ¶æ€æŠ¥å‘Š:
                                                                                                    ğŸ”‘ æ ¸å¿ƒæƒé™:
                                                                                                      âœ… android.permission.ACCESS_FINE_LOCATION
                                                                                                      âœ… android.permission.ACCESS_COARSE_LOCATION
                                                                                                      âœ… android.permission.INTERNET
                                                                                                      âœ… android.permission.ACCESS_NETWORK_STATE
                                                                                                      âœ… android.permission.WAKE_LOCK
                                                                                                    ğŸ”§ å¯é€‰æƒé™:
                                                                                                      âœ… android.permission.FOREGROUND_SERVICE
                                                                                                      âŒ android.permission.SYSTEM_ALERT_WINDOW
                                                                                                    ğŸ“± Android 12+ æƒé™:
                                                                                                    ğŸ“± Android 13+ æƒé™:
                                                                                                      âœ… android.permission.POST_NOTIFICATIONS
2025-10-30 12:52:40.112 31700-31700 MainActivity            com.example.cplink                   I  â¸ï¸ Activityæš‚åœ
2025-10-30 12:52:40.112 31700-31700 MainActivity            com.example.cplink                   D  ğŸ“ deviceManageræœªåˆå§‹åŒ–ï¼Œè·³è¿‡ä½¿ç”¨ç»Ÿè®¡è®°å½•
2025-10-30 12:52:40.112 31700-31700 NetworkManager          com.example.cplink                   D  ğŸ”„ ç½‘ç»œç®¡ç†å™¨åå°çŠ¶æ€æ›´æ–°: true
2025-10-30 12:52:40.112 31700-31700 MainActivity            com.example.cplink                   I  ğŸ”„ ç½‘ç»œç®¡ç†å™¨å·²åˆ‡æ¢åˆ°åå°æ¨¡å¼
2025-10-30 12:52:40.112 31700-31700 MainActivity            com.example.cplink                   I  ğŸŒ GPSä½ç½®æ›´æ–°åœ¨åå°ç»§ç»­è¿è¡Œ
2025-10-30 12:52:40.124 31700-31700 MainActivity            com.example.cplink                   I  ğŸ” è‡ªæ£€æŸ¥: æƒé™å’Œä½ç½®æœåŠ¡ - è®¾ç½®å®Œæˆ
2025-10-30 12:52:40.226 31700-31700 MainActivity            com.example.cplink                   I  ğŸ” è‡ªæ£€æŸ¥: IPåœ°å€ä¿¡æ¯ - æ­£åœ¨è·å–...
2025-10-30 12:52:40.277 31700-31700 PermissionManager       com.example.cplink                   I  ğŸ” æƒé™è¯·æ±‚ç»“æœ:
2025-10-30 12:52:40.278 31700-31700 PermissionManager       com.example.cplink                   I    âŒ android.permission.SYSTEM_ALERT_WINDOW: è¢«æ‹’ç»
2025-10-30 12:52:40.278 31700-31700 PermissionManager       com.example.cplink                   I  ğŸ“Š æƒé™ç»Ÿè®¡: 0/1 å·²æˆäºˆ
2025-10-30 12:52:40.278 31700-31700 PermissionManager       com.example.cplink                   W  âš ï¸ éƒ¨åˆ†æƒé™æœªè·å–ï¼ŒåŠŸèƒ½å¯èƒ½å—é™
2025-10-30 12:52:40.279 31700-31700 PermissionManager       com.example.cplink                   W  âŒ è¢«æ‹’ç»çš„æƒé™: android.permission.SYSTEM_ALERT_WINDOW
2025-10-30 12:52:40.279 31700-31700 PermissionManager       com.example.cplink                   I  âœ… æ ¸å¿ƒæƒé™å·²è·å–ï¼Œå¯åŠ¨ä½ç½®æ›´æ–°
2025-10-30 12:52:40.279 31700-31700 LocationSensorManager   com.example.cplink                   I  ğŸ“ å¯åŠ¨GPSä½ç½®æ›´æ–°æœåŠ¡...
2025-10-30 12:52:40.279 31700-31700 LocationSensorManager   com.example.cplink                   I  ğŸ” æ£€æŸ¥ä½ç½®æä¾›è€…çŠ¶æ€:
2025-10-30 12:52:40.279 31700-31700 LocationSensorManager   com.example.cplink                   I    ğŸ“¡ GPSæä¾›è€…: âœ… å¯ç”¨
2025-10-30 12:52:40.280 31700-31700 LocationSensorManager   com.example.cplink                   I    ğŸŒ ç½‘ç»œæä¾›è€…: âœ… å¯ç”¨
2025-10-30 12:52:40.280 31700-31700 LocationSensorManager   com.example.cplink                   I    ğŸ“± è¢«åŠ¨æä¾›è€…: âœ… å¯ç”¨
2025-10-30 12:52:40.281 31700-31700 LocationSensorManager   com.example.cplink                   I    ğŸ“‹ æ‰€æœ‰æä¾›è€…: [passive, network, fused, gps]
2025-10-30 12:52:40.281 31700-31700 LocationSensorManager   com.example.cplink                   I    âœ… å¯ç”¨çš„æä¾›è€…: [passive, network, fused, gps]
2025-10-30 12:52:40.288 31700-31700 LocationSensorManager   com.example.cplink                   I  âœ… GPSå®šä½å·²å¯åŠ¨ (æœ€é«˜ç²¾åº¦æ¨¡å¼: 0.1s/0.0mï¼Œå¼ºåˆ¶åå°å®æ—¶)
2025-10-30 12:52:40.293 31700-31700 LocationSensorManager   com.example.cplink                   I  âœ… ç½‘ç»œå®šä½å·²å¯åŠ¨ (ä¼˜åŒ–æ¨¡å¼: 1s/2m)
2025-10-30 12:52:40.293 31700-31700 LocationSensorManager   com.example.cplink                   I  âœ… ä½ç½®æ›´æ–°æœåŠ¡å¯åŠ¨å®Œæˆ
2025-10-30 12:52:40.298 31700-31700 LocationSensorManager   com.example.cplink                   I  ğŸ¯ ä½¿ç”¨æœ€åå·²çŸ¥ä½ç½®è¿›è¡Œç«‹å³æ›´æ–°:
2025-10-30 12:52:40.298 31700-31700 LocationSensorManager   com.example.cplink                   I    ğŸ“ åæ ‡: lat=31.203731, lon=120.628076
2025-10-30 12:52:40.298 31700-31700 LocationSensorManager   com.example.cplink                   I    ğŸ“¡ ç²¾åº¦: 49.3m
2025-10-30 12:52:40.298 31700-31700 LocationSensorManager   com.example.cplink                   I    ğŸ”§ æä¾›è€…: network
2025-10-30 12:52:40.298 31700-31700 LocationSensorManager   com.example.cplink                   I    â° æ—¶é—´: 3683mså‰
2025-10-30 12:52:40.298 31700-31700 LocationSensorManager   com.example.cplink                   I  ğŸŒ GPSä½ç½®æ›´æ–°æ¥æ”¶:
2025-10-30 12:52:40.298 31700-31700 LocationSensorManager   com.example.cplink                   I    ğŸ“ åæ ‡: lat=31.203731, lon=120.628076
2025-10-30 12:52:40.299 31700-31700 LocationSensorManager   com.example.cplink                   I    ğŸš€ é€Ÿåº¦: æ— é€Ÿåº¦æ•°æ®
2025-10-30 12:52:40.299 31700-31700 LocationSensorManager   com.example.cplink                   I    ğŸ§­ æ–¹å‘: æ— æ–¹å‘æ•°æ®
2025-10-30 12:52:40.299 31700-31700 LocationSensorManager   com.example.cplink                   I    ğŸ“¡ ç²¾åº¦: 49.3m
2025-10-30 12:52:40.299 31700-31700 LocationSensorManager   com.example.cplink                   I    ğŸ”§ æä¾›è€…: network
2025-10-30 12:52:40.299 31700-31700 LocationSensorManager   com.example.cplink                   I    â° æ—¶é—´: 3684mså‰
2025-10-30 12:52:40.299 31700-31700 LocationSensorManager   com.example.cplink                   I  âœ… GPSå­—æ®µæ›´æ–°å®Œæˆ (å®æ—¶æ€§ä¼˜åŒ–):
2025-10-30 12:52:40.299 31700-31700 LocationSensorManager   com.example.cplink                   D    ğŸ“ åæ ‡: lat=31.203731, lon=120.628076
2025-10-30 12:52:40.299 31700-31700 LocationSensorManager   com.example.cplink                   D    ğŸš€ é€Ÿåº¦: æ— é€Ÿåº¦æ•°æ®
2025-10-30 12:52:40.299 31700-31700 LocationSensorManager   com.example.cplink                   D    ğŸ§­ æ–¹å‘: æ— æ–¹å‘æ•°æ®
2025-10-30 12:52:40.299 31700-31700 LocationSensorManager   com.example.cplink                   D    ğŸ“¡ ç²¾åº¦: 49.3m
2025-10-30 12:52:40.299 31700-31700 LocationSensorManager   com.example.cplink                   D    ğŸ”§ æä¾›è€…: network
2025-10-30 12:52:40.299 31700-31700 LocationSensorManager   com.example.cplink                   D    â° æ•°æ®å¹´é¾„: 3683ms
2025-10-30 12:52:40.299 31700-31700 LocationSensorManager   com.example.cplink                   D    ğŸ¯ å®æ—¶æ€§: ä¸€èˆ¬
2025-10-30 12:52:40.299 31700-31700 LocationSensorManager   com.example.cplink                   V  ğŸ” éªŒè¯GPSå­—æ®µåŒæ­¥:
2025-10-30 12:52:40.299 31700-31700 LocationSensorManager   com.example.cplink                   V    vpPosPointLat: 31.203731
2025-10-30 12:52:40.299 31700-31700 LocationSensorManager   com.example.cplink                   V    vpPosPointLon: 120.628076
2025-10-30 12:52:40.299 31700-31700 LocationSensorManager   com.example.cplink                   V    latitude: 31.203731
2025-10-30 12:52:40.299 31700-31700 LocationSensorManager   com.example.cplink                   V    longitude: 120.628076
2025-10-30 12:52:40.299 31700-31700 PermissionManager       com.example.cplink                   I  ğŸ“¡ å¯åŠ¨GPSçŠ¶æ€ç›‘æ§...
2025-10-30 12:52:40.299 31700-31700 MainActivity            com.example.cplink                   I  â–¶ï¸ Activityæ¢å¤
2025-10-30 12:52:40.299 31700-31700 NetworkManager          com.example.cplink                   D  ğŸ”„ ç½‘ç»œç®¡ç†å™¨åå°çŠ¶æ€æ›´æ–°: false
2025-10-30 12:52:40.299 31700-31700 MainActivity            com.example.cplink                   I  ğŸ”„ ç½‘ç»œç®¡ç†å™¨å·²åˆ‡æ¢åˆ°å‰å°æ¨¡å¼
2025-10-30 12:52:40.299 31700-31700 MainActivity            com.example.cplink                   D  ğŸ“ deviceManageræœªåˆå§‹åŒ–ï¼Œè·³è¿‡ä½¿ç”¨ç»Ÿè®¡æ›´æ–°
2025-10-30 12:52:40.344 31700-31700 ImeFocusController      com.example.cplink                   V  onWindowFocus: com.android.internal.policy.DecorView{1321e25 V.E...... R....... 0,0-1080,2400 aid=0}[MainActivity] softInputMode=STATE_UNSPECIFIED|ADJUST_PAN
2025-10-30 12:52:41.190 31700-31700 MainActivity            com.example.cplink                   D  ğŸŒ ç½‘ç»œçŠ¶æ€ç›‘æ§: âœ… , è®¾å¤‡: 192.168.31.111:7706 (vopenpilot) [?]
2025-10-30 12:52:41.226 31700-32576 NetworkManager          com.example.cplink                   D  ğŸ” NetworkManagerè·å–æ‰‹æœºIP: 192.168.31.103
2025-10-30 12:52:41.227 31700-32576 MainActivity            com.example.cplink                   I  ğŸ“± è·å–åˆ°æ‰‹æœºIP: 192.168.31.103
2025-10-30 12:52:41.227 31700-32576 CarrotManNetwork        com.example.cplink                   I  ğŸ” è·å–è®¾å¤‡IP: deviceIP=null, currentTargetDevice.ip=192.168.31.111, æœ€ç»ˆIP=192.168.31.111
2025-10-30 12:52:41.227 31700-32576 CarrotManNetwork        com.example.cplink                   I  ğŸ“Š è®¾å¤‡çŠ¶æ€: è¿è¡ŒçŠ¶æ€=true, å‘ç°è®¾å¤‡æ•°=1, å½“å‰è®¾å¤‡=192.168.31.111:7706 (vopenpilot) [?]
2025-10-30 12:52:41.227 31700-32576 NetworkManager          com.example.cplink                   D  ğŸ” NetworkManagerè·å–è®¾å¤‡IP: 192.168.31.111
2025-10-30 12:52:41.227 31700-32576 MainActivity            com.example.cplink                   I  ğŸ”— è·å–åˆ°è®¾å¤‡IP: 192.168.31.111
2025-10-30 12:52:41.227 31700-32576 MainActivity            com.example.cplink                   I  ğŸ“± IPåœ°å€ä¿¡æ¯: æ‰‹æœº: 192.168.31.103, è®¾å¤‡: 192.168.31.111
2025-10-30 12:52:41.239 31700-31700 MainActivity            com.example.cplink                   I  ğŸ” è‡ªæ£€æŸ¥: IPåœ°å€ä¿¡æ¯ - æ‰‹æœº: 192.168.31.103, è®¾å¤‡: 192.168.31.111
2025-10-30 12:52:41.341 31700-31700 MainActivity            com.example.cplink                   I  ğŸ” è‡ªæ£€æŸ¥: ç³»ç»Ÿç®¡ç†å™¨ - æ­£åœ¨å¹¶è¡Œåˆå§‹åŒ–...
2025-10-30 12:52:41.343 31700-32576 MainActivity            com.example.cplink                   I  ğŸ—ºï¸ åˆå§‹åŒ–é«˜å¾·åœ°å›¾ç®¡ç†å™¨...
2025-10-30 12:52:41.343 31700-32544 MainActivity            com.example.cplink                   I  ğŸ“¡ åˆå§‹åŒ–å¹¿æ’­ç®¡ç†å™¨...
2025-10-30 12:52:41.346 31700-32576 MainActivity            com.example.cplink                   I  âœ… é«˜å¾·åœ°å›¾ç®¡ç†å™¨åˆå§‹åŒ–æˆåŠŸ
2025-10-30 12:52:41.346 31700-32580 MainActivity            com.example.cplink                   I  ğŸ“± åˆå§‹åŒ–è®¾å¤‡ç®¡ç†å™¨...
2025-10-30 12:52:41.355 31700-32580 DeviceManager           com.example.cplink                   I  ğŸ“± ä½¿ç”¨å·²å­˜åœ¨çš„è®¾å¤‡ID: FB0184A6B311
2025-10-30 12:52:41.358 31700-32580 DeviceManager           com.example.cplink                   I  ğŸ“Š è®°å½•åº”ç”¨å¯åŠ¨ï¼Œä½¿ç”¨æ¬¡æ•°: 77ï¼Œä¿å­˜æˆåŠŸ: true
2025-10-30 12:52:41.358 31700-32580 MainActivity            com.example.cplink                   I  âœ… è®¾å¤‡ç®¡ç†å™¨åˆå§‹åŒ–æˆåŠŸï¼Œè®¾å¤‡ID: FB0184A6B311
2025-10-30 12:52:41.358 31700-32544 AmapBroadcastManager    com.example.cplink                   I  âœ… å¢å¼ºç‰ˆå¹¿æ’­æ¥æ”¶å™¨æ³¨å†ŒæˆåŠŸ
2025-10-30 12:52:41.358 31700-32544 AmapBroadcastManager    com.example.cplink                   D  ğŸ“¡ æ³¨å†Œçš„å¹¿æ’­Actionåˆ—è¡¨:
2025-10-30 12:52:41.358 31700-32544 AmapBroadcastManager    com.example.cplink                   D    - AMAP_NAVI_ACTION_UPDATE
2025-10-30 12:52:41.358 31700-32544 AmapBroadcastManager    com.example.cplink                   D    - AMAP_NAVI_ACTION_TURN
2025-10-30 12:52:41.358 31700-32544 AmapBroadcastManager    com.example.cplink                   D    - com.autonavi.minimap.broadcast
2025-10-30 12:52:41.358 31700-32544 AmapBroadcastManager    com.example.cplink                   D    - AMAP_NAVI_ACTION_LOCATION
2025-10-30 12:52:41.358 31700-32544 AmapBroadcastManager    com.example.cplink                   D    - AUTONAVI_BROADCAST_SEND
2025-10-30 12:52:41.358 31700-32544 AmapBroadcastManager    com.example.cplink                   D    - AMAP_NAVI_ACTION_ROUTE
2025-10-30 12:52:41.358 31700-32544 AmapBroadcastManager    com.example.cplink                   D    - AMAP_BROADCAST_SEND
2025-10-30 12:52:41.358 31700-32544 AmapBroadcastManager    com.example.cplink                   D    - com.autonavi.minimap.navigation.broadcast
2025-10-30 12:52:41.358 31700-32544 AmapBroadcastManager    com.example.cplink                   D    - AUTONAVI_STANDARD_BROADCAST_RECV
2025-10-30 12:52:41.358 31700-32544 AmapBroadcastManager    com.example.cplink                   D    - AUTONAVI_STANDARD_BROADCAST_SEND
2025-10-30 12:52:41.358 31700-32577 AmapBroadcastManager    com.example.cplink                   I  ğŸš€ å¯åŠ¨å¹¿æ’­å¤„ç†åç¨‹
2025-10-30 12:52:41.358 31700-32544 MainActivity            com.example.cplink                   I  âœ… å¹¿æ’­ç®¡ç†å™¨åˆå§‹åŒ–æˆåŠŸï¼ˆApplication Contextï¼‰
2025-10-30 12:52:41.358 31700-32544 MainActivity            com.example.cplink                   I  â„¹ï¸ å¹¿æ’­æ¥æ”¶å™¨å°†æŒç»­è¿è¡Œï¼Œä¸å—Activityå½±å“
2025-10-30 12:52:41.378 31700-31700 MainActivity            com.example.cplink                   I  ğŸ” è‡ªæ£€æŸ¥: ç³»ç»Ÿç®¡ç†å™¨ - å¹¶è¡Œåˆå§‹åŒ–å®Œæˆ
2025-10-30 12:52:41.481 31700-31700 MainActivity            com.example.cplink                   I  ğŸ” è‡ªæ£€æŸ¥: ä½¿ç”¨ç»Ÿè®¡ - ç­‰å¾…ç”¨æˆ·ç±»å‹æ£€æŸ¥...
2025-10-30 12:52:41.561 31700-31700 MainActivity            com.example.cplink                   I  ğŸ” è‡ªæ£€æŸ¥: ä½ç½®æ›´æ–° - æ­£åœ¨æ‰§è¡Œ...
2025-10-30 12:52:41.577 31700-31700 MainActivity            com.example.cplink                   I  ğŸš€ æ‰§è¡Œåˆå§‹ä½ç½®æ›´æ–°...
2025-10-30 12:52:41.603 31700-31700 MainActivity            com.example.cplink                   I  ğŸ“ æ›´æ–°ä½ç½®ç”¨äºè·ç¦»ç»Ÿè®¡: lat=31.203731, lon=120.628076
2025-10-30 12:52:41.604 31700-31700 DeviceManager           com.example.cplink                   I  â° å¯åŠ¨å€’è®¡æ—¶: 850ç§’
2025-10-30 12:52:41.604 31700-31700 DeviceManager           com.example.cplink                   I  â¹ï¸ åœæ­¢å€’è®¡æ—¶
2025-10-30 12:52:41.604 31700-31700 MainActivity            com.example.cplink                   I  ğŸ” è‡ªæ£€æŸ¥: ä½ç½®æ›´æ–° - æ‰§è¡Œå®Œæˆ
2025-10-30 12:52:41.712 31700-31700 MainActivity            com.example.cplink                   I  ğŸ” è‡ªæ£€æŸ¥: é™æ€æ¥æ”¶å™¨ - æ­£åœ¨å¤„ç†...
2025-10-30 12:52:41.717 31700-31700 MainActivity            com.example.cplink                   I  ğŸ” è‡ªæ£€æŸ¥: é™æ€æ¥æ”¶å™¨ - å¤„ç†å®Œæˆ
2025-10-30 12:52:41.790 31700-31700 MainActivity            com.example.cplink                   I  ğŸ” è‡ªæ£€æŸ¥: ç”¨æˆ·ç±»å‹ - æ­£åœ¨è·å–...
2025-10-30 12:52:41.791 31700-32544 AmapBroadcastManager    com.example.cplink                   V  ğŸ”„ åŒæ­¥ç¼“å†²åŒºåˆ°UI: 1 æ¡æ•°æ®
2025-10-30 12:52:41.791 31700-32576 MainActivity            com.example.cplink                   I  ğŸ‘¤ ç›´æ¥è·å–ç”¨æˆ·ç±»å‹: FB0184A6B311
2025-10-30 12:52:41.794 31700-32576 DpmTcmClient            com.example.cplink                   I  RegisterTcmMonitor from: $Proxy2
2025-10-30 12:52:41.811 31700-32576 TrafficStats            com.example.cplink                   D  tagSocket(143) with statsTag=0xffffffff, statsUid=-1
2025-10-30 12:52:41.812 31700-32576 Linux                   com.example.cplink                   D  [Posix_connect Debug]Process com.example.cplink :443 
2025-10-30 12:52:43.193 31700-31700 MainActivity            com.example.cplink                   D  ğŸŒ ç½‘ç»œçŠ¶æ€ç›‘æ§: âœ… , è®¾å¤‡: 192.168.31.111:7706 (vopenpilot) [?]
2025-10-30 12:52:43.770 31700-32578 AmapBroadcastManager    com.example.cplink                   V  ğŸ”„ åŒæ­¥ç¼“å†²åŒºåˆ°UI: 3 æ¡æ•°æ®
2025-10-30 12:52:43.771 31700-32578 AmapBroadcastHandlers   com.example.cplink                   D  ğŸ›£ï¸ é“è·¯ç±»å‹æ˜ å°„: ROAD_TYPE=9 (æ™®é€šé“è·¯) -> roadcate=6 (ä¸­ç­‰å®½åº¦ï¼ˆåŒè½¦é“ï¼‰)
2025-10-30 12:52:43.772 31700-32578 AmapBroadcastHandlers   com.example.cplink                   I  ğŸ§­ å¼•å¯¼ä¿¡æ¯: é“è·¯=æ— åé“è·¯->ç§‹æ¹–è¡—, è½¬å¼¯ç±»å‹=55, è·ç¦»=5m
2025-10-30 12:52:43.775 31700-32578 AmapBroadcastHandlers   com.example.cplink                   V  ğŸ” å¼•å¯¼ä¿¡æ¯å¤„ç†åGPSçŠ¶æ€:
2025-10-30 12:52:43.775 31700-32578 AmapBroadcastHandlers   com.example.cplink                   V    ä½¿ç”¨effectiveLatitudeç­–ç•¥: vpPosPointLat=31.203731, vpPosPointLatNavi=31.203731
2025-10-30 12:52:43.788 31700-32578 AmapBroadcastManager    com.example.cplink                   D  ğŸ“¡ å¤„ç†é€šç”¨å¹¿æ’­: KEY_TYPE=13011
2025-10-30 12:52:43.791 31700-32578 AmapBroadcastHandlers   com.example.cplink                   D  ğŸ›£ï¸ é“è·¯ç±»å‹æ˜ å°„: ROAD_TYPE=9 (æ™®é€šé“è·¯) -> roadcate=6 (ä¸­ç­‰å®½åº¦ï¼ˆåŒè½¦é“ï¼‰)
2025-10-30 12:52:43.791 31700-32578 AmapBroadcastHandlers   com.example.cplink                   I  ğŸ§­ å¼•å¯¼ä¿¡æ¯: é“è·¯=æ— åé“è·¯->ç§‹æ¹–è¡—, è½¬å¼¯ç±»å‹=55, è·ç¦»=5m
2025-10-30 12:52:43.791 31700-32578 AmapBroadcastHandlers   com.example.cplink                   V  ğŸ” å¼•å¯¼ä¿¡æ¯å¤„ç†åGPSçŠ¶æ€:
2025-10-30 12:52:43.791 31700-32578 AmapBroadcastHandlers   com.example.cplink                   V    ä½¿ç”¨effectiveLatitudeç­–ç•¥: vpPosPointLat=31.203731, vpPosPointLatNavi=31.203731
2025-10-30 12:52:43.898 31700-32576 MainActivity            com.example.cplink                   I  âœ… ç”¨æˆ·ç±»å‹è·å–æˆåŠŸ: 4
2025-10-30 12:52:43.901 31700-31700 MainActivity            com.example.cplink                   I  ğŸ” è‡ªæ£€æŸ¥: ç”¨æˆ·ç±»å‹ - è·å–å®Œæˆ: é“ç²‰
2025-10-30 12:52:44.005 31700-31700 MainActivity            com.example.cplink                   I  ğŸ” è‡ªæ£€æŸ¥: ä½¿ç”¨ç»Ÿè®¡ - åå°æ›´æ–°ä¸­...
2025-10-30 12:52:44.006 31700-32576 DeviceManager           com.example.cplink                   D  ğŸ“Š è·å–ä½¿ç”¨ç»Ÿè®¡: æ¬¡æ•°=77, æ—¶é•¿=659åˆ†é’Ÿ, è·ç¦»=5341.8774km
2025-10-30 12:52:44.010 31700-31700 MainActivity            com.example.cplink                   I  ğŸ” è‡ªæ£€æŸ¥: ä½¿ç”¨ç»Ÿè®¡ - æ›´æ–°å®Œæˆ
2025-10-30 12:52:44.010 31700-32576 MainActivity            com.example.cplink                   I  ğŸ“Š è‡ªåŠ¨æ›´æ–°ä½¿ç”¨ç»Ÿè®¡æ•°æ®: æ¬¡æ•°=77, æ—¶é•¿=659åˆ†é’Ÿ, è·ç¦»=5341.8774km
2025-10-30 12:52:44.060 31700-31700 MainActivity            com.example.cplink                   I  ğŸ” è‡ªæ£€æŸ¥: ç”¨æˆ·ç•Œé¢ - æ­£åœ¨è®¾ç½®...
2025-10-30 12:52:44.064 31700-31700 MainActivity            com.example.cplink                   I  ğŸ” è‡ªæ£€æŸ¥: ç”¨æˆ·ç•Œé¢ - è®¾ç½®å®Œæˆ
2025-10-30 12:52:44.132 31700-31700 MainActivity            com.example.cplink                   I  ğŸ” è‡ªæ£€æŸ¥: ç³»ç»Ÿæ£€æŸ¥ - æ‰€æœ‰æ£€æŸ¥å®Œæˆ
2025-10-30 12:52:44.134 31700-32577 MainActivity            com.example.cplink                   I  ğŸ¯ æ ¹æ®ç”¨æˆ·ç±»å‹æ‰§è¡Œæ“ä½œ: 4
2025-10-30 12:52:44.134 31700-32577 MainActivity            com.example.cplink                   I  ğŸ’ èµåŠ©è€…/é“ç²‰ï¼Œç›´æ¥æ‰“å¼€é«˜å¾·åœ°å›¾
2025-10-30 12:52:44.134 31700-32577 MainActivity            com.example.cplink                   I  ğŸ” å¼€å§‹æ£€æµ‹é«˜å¾·åœ°å›¾è¿è¡ŒçŠ¶æ€...
2025-10-30 12:52:44.135 31700-32634 ProfileInstaller        com.example.cplink                   D  Installing profile for com.example.cplink
2025-10-30 12:52:44.140 31700-32577 MainActivity            com.example.cplink                   I  ğŸ“± é«˜å¾·åœ°å›¾å·²å®‰è£…ä½†æœªæ£€æµ‹åˆ°è¿è¡Œ
2025-10-30 12:52:44.140 31700-32577 MainActivity            com.example.cplink                   I  ğŸ“± ç»¼åˆåˆ¤æ–­ï¼šé«˜å¾·åœ°å›¾æœªåœ¨è¿è¡Œ
2025-10-30 12:52:44.140 31700-32577 MainActivity            com.example.cplink                   I  ğŸš€ é«˜å¾·åœ°å›¾æœªè¿è¡Œï¼Œå¼€å§‹å¯åŠ¨...
